<?xml version="1.0" encoding="ISO-8859-1" ?>
<link_info>
   <banner>TI ARM Linker PC v20.2.7.LTS</banner>
   <copyright>Copyright (c) 1996-2018 Texas Instruments Incorporated</copyright>
   <link_time>0x64096ab0</link_time>
   <link_errors>0x0</link_errors>
   <output_file>Can Reception interrupt.out</output_file>
   <entry_point>
      <name>_c_int00</name>
      <address>0x6928</address>
   </entry_point>
   <input_file_list>
      <input_file id="fl-2">
         <path>.\source\</path>
         <kind>object</kind>
         <file>adc.obj</file>
         <name>adc.obj</name>
      </input_file>
      <input_file id="fl-3">
         <path>.\source\</path>
         <kind>object</kind>
         <file>can.obj</file>
         <name>can.obj</name>
      </input_file>
      <input_file id="fl-4">
         <path>.\source\</path>
         <kind>object</kind>
         <file>crc.obj</file>
         <name>crc.obj</name>
      </input_file>
      <input_file id="fl-5">
         <path>.\source\</path>
         <kind>object</kind>
         <file>dabort.obj</file>
         <name>dabort.obj</name>
      </input_file>
      <input_file id="fl-6">
         <path>.\source\</path>
         <kind>object</kind>
         <file>dcc.obj</file>
         <name>dcc.obj</name>
      </input_file>
      <input_file id="fl-7">
         <path>.\source\</path>
         <kind>object</kind>
         <file>dmm.obj</file>
         <name>dmm.obj</name>
      </input_file>
      <input_file id="fl-8">
         <path>.\source\</path>
         <kind>object</kind>
         <file>emac.obj</file>
         <name>emac.obj</name>
      </input_file>
      <input_file id="fl-9">
         <path>.\source\</path>
         <kind>object</kind>
         <file>emif.obj</file>
         <name>emif.obj</name>
      </input_file>
      <input_file id="fl-a">
         <path>.\source\</path>
         <kind>object</kind>
         <file>errata_SSWF021_45.obj</file>
         <name>errata_SSWF021_45.obj</name>
      </input_file>
      <input_file id="fl-b">
         <path>.\source\</path>
         <kind>object</kind>
         <file>esm.obj</file>
         <name>esm.obj</name>
      </input_file>
      <input_file id="fl-c">
         <path>.\source\</path>
         <kind>object</kind>
         <file>gio.obj</file>
         <name>gio.obj</name>
      </input_file>
      <input_file id="fl-d">
         <path>.\source\</path>
         <kind>object</kind>
         <file>het.obj</file>
         <name>het.obj</name>
      </input_file>
      <input_file id="fl-e">
         <path>.\source\</path>
         <kind>object</kind>
         <file>i2c.obj</file>
         <name>i2c.obj</name>
      </input_file>
      <input_file id="fl-f">
         <path>.\source\</path>
         <kind>object</kind>
         <file>mdio.obj</file>
         <name>mdio.obj</name>
      </input_file>
      <input_file id="fl-10">
         <path>.\source\</path>
         <kind>object</kind>
         <file>mibspi.obj</file>
         <name>mibspi.obj</name>
      </input_file>
      <input_file id="fl-11">
         <path>.\source\</path>
         <kind>object</kind>
         <file>notification.obj</file>
         <name>notification.obj</name>
      </input_file>
      <input_file id="fl-12">
         <path>.\source\</path>
         <kind>object</kind>
         <file>phy_dp83640.obj</file>
         <name>phy_dp83640.obj</name>
      </input_file>
      <input_file id="fl-13">
         <path>.\source\</path>
         <kind>object</kind>
         <file>pinmux.obj</file>
         <name>pinmux.obj</name>
      </input_file>
      <input_file id="fl-14">
         <path>.\source\</path>
         <kind>object</kind>
         <file>pom.obj</file>
         <name>pom.obj</name>
      </input_file>
      <input_file id="fl-15">
         <path>.\source\</path>
         <kind>object</kind>
         <file>rti.obj</file>
         <name>rti.obj</name>
      </input_file>
      <input_file id="fl-16">
         <path>.\source\</path>
         <kind>object</kind>
         <file>rtp.obj</file>
         <name>rtp.obj</name>
      </input_file>
      <input_file id="fl-17">
         <path>.\source\</path>
         <kind>object</kind>
         <file>sci.obj</file>
         <name>sci.obj</name>
      </input_file>
      <input_file id="fl-18">
         <path>.\source\</path>
         <kind>object</kind>
         <file>spi.obj</file>
         <name>spi.obj</name>
      </input_file>
      <input_file id="fl-19">
         <path>.\source\</path>
         <kind>object</kind>
         <file>sys_core.obj</file>
         <name>sys_core.obj</name>
      </input_file>
      <input_file id="fl-1a">
         <path>.\source\</path>
         <kind>object</kind>
         <file>sys_dma.obj</file>
         <name>sys_dma.obj</name>
      </input_file>
      <input_file id="fl-1b">
         <path>.\source\</path>
         <kind>object</kind>
         <file>sys_intvecs.obj</file>
         <name>sys_intvecs.obj</name>
      </input_file>
      <input_file id="fl-1c">
         <path>.\source\</path>
         <kind>object</kind>
         <file>sys_main.obj</file>
         <name>sys_main.obj</name>
      </input_file>
      <input_file id="fl-1d">
         <path>.\source\</path>
         <kind>object</kind>
         <file>sys_mpu.obj</file>
         <name>sys_mpu.obj</name>
      </input_file>
      <input_file id="fl-1e">
         <path>.\source\</path>
         <kind>object</kind>
         <file>sys_pcr.obj</file>
         <name>sys_pcr.obj</name>
      </input_file>
      <input_file id="fl-1f">
         <path>.\source\</path>
         <kind>object</kind>
         <file>sys_phantom.obj</file>
         <name>sys_phantom.obj</name>
      </input_file>
      <input_file id="fl-20">
         <path>.\source\</path>
         <kind>object</kind>
         <file>sys_pmm.obj</file>
         <name>sys_pmm.obj</name>
      </input_file>
      <input_file id="fl-21">
         <path>.\source\</path>
         <kind>object</kind>
         <file>sys_pmu.obj</file>
         <name>sys_pmu.obj</name>
      </input_file>
      <input_file id="fl-22">
         <path>.\source\</path>
         <kind>object</kind>
         <file>sys_selftest.obj</file>
         <name>sys_selftest.obj</name>
      </input_file>
      <input_file id="fl-23">
         <path>.\source\</path>
         <kind>object</kind>
         <file>sys_startup.obj</file>
         <name>sys_startup.obj</name>
      </input_file>
      <input_file id="fl-24">
         <path>.\source\</path>
         <kind>object</kind>
         <file>sys_vim.obj</file>
         <name>sys_vim.obj</name>
      </input_file>
      <input_file id="fl-25">
         <path>.\source\</path>
         <kind>object</kind>
         <file>system.obj</file>
         <name>system.obj</name>
      </input_file>
      <input_file id="fl-29">
         <kind>object</kind>
         <file>&lt;internal&gt;</file>
         <name>&lt;internal&gt;</name>
      </input_file>
      <input_file id="fl-2a">
         <path>C:\ti\ccs1210\ccs\tools\compiler\ti-cgt-arm_20.2.7.LTS\lib\</path>
         <kind>archive</kind>
         <file>rtsv7R4_T_be_v3D16_eabi.lib</file>
         <name>s_floor.c.obj</name>
      </input_file>
      <input_file id="fl-2b">
         <path>C:\ti\ccs1210\ccs\tools\compiler\ti-cgt-arm_20.2.7.LTS\lib\</path>
         <kind>archive</kind>
         <file>rtsv7R4_T_be_v3D16_eabi.lib</file>
         <name>memcpy_t2.asm.obj</name>
      </input_file>
      <input_file id="fl-2c">
         <path>C:\ti\ccs1210\ccs\tools\compiler\ti-cgt-arm_20.2.7.LTS\lib\</path>
         <kind>archive</kind>
         <file>rtsv7R4_T_be_v3D16_eabi.lib</file>
         <name>memset_t2.asm.obj</name>
      </input_file>
      <input_file id="fl-2d">
         <path>C:\ti\ccs1210\ccs\tools\compiler\ti-cgt-arm_20.2.7.LTS\lib\</path>
         <kind>archive</kind>
         <file>rtsv7R4_T_be_v3D16_eabi.lib</file>
         <name>u_div32.asm.obj</name>
      </input_file>
      <input_file id="fl-2e">
         <path>C:\ti\ccs1210\ccs\tools\compiler\ti-cgt-arm_20.2.7.LTS\lib\</path>
         <kind>archive</kind>
         <file>rtsv7R4_T_be_v3D16_eabi.lib</file>
         <name>autoinit.c.obj</name>
      </input_file>
      <input_file id="fl-2f">
         <path>C:\ti\ccs1210\ccs\tools\compiler\ti-cgt-arm_20.2.7.LTS\lib\</path>
         <kind>archive</kind>
         <file>rtsv7R4_T_be_v3D16_eabi.lib</file>
         <name>cpy_tbl.c.obj</name>
      </input_file>
      <input_file id="fl-30">
         <path>C:\ti\ccs1210\ccs\tools\compiler\ti-cgt-arm_20.2.7.LTS\lib\</path>
         <kind>archive</kind>
         <file>rtsv7R4_T_be_v3D16_eabi.lib</file>
         <name>copy_zero_init.c.obj</name>
      </input_file>
      <input_file id="fl-31">
         <path>C:\ti\ccs1210\ccs\tools\compiler\ti-cgt-arm_20.2.7.LTS\lib\</path>
         <kind>archive</kind>
         <file>rtsv7R4_T_be_v3D16_eabi.lib</file>
         <name>copy_decompress_none.c.obj</name>
      </input_file>
      <input_file id="fl-32">
         <path>C:\ti\ccs1210\ccs\tools\compiler\ti-cgt-arm_20.2.7.LTS\lib\</path>
         <kind>archive</kind>
         <file>rtsv7R4_T_be_v3D16_eabi.lib</file>
         <name>copy_decompress_lzss.c.obj</name>
      </input_file>
      <input_file id="fl-33">
         <path>C:\ti\ccs1210\ccs\tools\compiler\ti-cgt-arm_20.2.7.LTS\lib\</path>
         <kind>archive</kind>
         <file>rtsv7R4_T_be_v3D16_eabi.lib</file>
         <name>exit.c.obj</name>
      </input_file>
      <input_file id="fl-34">
         <path>C:\ti\ccs1210\ccs\tools\compiler\ti-cgt-arm_20.2.7.LTS\lib\</path>
         <kind>archive</kind>
         <file>rtsv7R4_T_be_v3D16_eabi.lib</file>
         <name>_lock.c.obj</name>
      </input_file>
      <input_file id="fl-35">
         <path>C:\ti\ccs1210\ccs\tools\compiler\ti-cgt-arm_20.2.7.LTS\lib\</path>
         <kind>archive</kind>
         <file>rtsv7R4_T_be_v3D16_eabi.lib</file>
         <name>div0.asm.obj</name>
      </input_file>
   </input_file_list>
   <object_component_list>
      <object_component id="oc-31">
         <name>.intvecs</name>
         <load_address>0x0</load_address>
         <run_address>0x0</run_address>
         <size>0x20</size>
         <input_file_ref idref="fl-1b"/>
      </object_component>
      <object_component id="oc-82">
         <name>.text</name>
         <load_address>0x20</load_address>
         <run_address>0x20</run_address>
         <size>0x2cdc</size>
         <input_file_ref idref="fl-22"/>
      </object_component>
      <object_component id="oc-12e">
         <name>.text</name>
         <load_address>0x2cfc</load_address>
         <run_address>0x2cfc</run_address>
         <size>0xf9c</size>
         <input_file_ref idref="fl-3"/>
      </object_component>
      <object_component id="oc-7c">
         <name>.text</name>
         <load_address>0x3c98</load_address>
         <run_address>0x3c98</run_address>
         <size>0xb68</size>
         <input_file_ref idref="fl-25"/>
      </object_component>
      <object_component id="oc-3d">
         <name>.text</name>
         <load_address>0x4800</load_address>
         <run_address>0x4800</run_address>
         <size>0x89c</size>
         <input_file_ref idref="fl-24"/>
      </object_component>
      <object_component id="oc-70">
         <name>.text</name>
         <load_address>0x509c</load_address>
         <run_address>0x509c</run_address>
         <size>0x664</size>
         <input_file_ref idref="fl-a"/>
      </object_component>
      <object_component id="oc-e2">
         <name>.text</name>
         <load_address>0x5700</load_address>
         <run_address>0x5700</run_address>
         <size>0x640</size>
         <input_file_ref idref="fl-13"/>
      </object_component>
      <object_component id="oc-88">
         <name>.text</name>
         <load_address>0x5d40</load_address>
         <run_address>0x5d40</run_address>
         <size>0x5bc</size>
         <input_file_ref idref="fl-b"/>
      </object_component>
      <object_component id="oc-6b">
         <name>.text</name>
         <load_address>0x62fc</load_address>
         <run_address>0x62fc</run_address>
         <size>0x34c</size>
         <input_file_ref idref="fl-19"/>
      </object_component>
      <object_component id="oc-e8">
         <name>.text</name>
         <load_address>0x6648</load_address>
         <run_address>0x6648</run_address>
         <size>0x2e0</size>
         <input_file_ref idref="fl-9"/>
      </object_component>
      <object_component id="oc-1c">
         <name>.text:retain</name>
         <load_address>0x6928</load_address>
         <run_address>0x6928</run_address>
         <size>0x2a4</size>
         <input_file_ref idref="fl-23"/>
      </object_component>
      <object_component id="oc-3c">
         <name>.text:retain</name>
         <load_address>0x6bcc</load_address>
         <run_address>0x6bcc</run_address>
         <size>0x290</size>
         <input_file_ref idref="fl-24"/>
      </object_component>
      <object_component id="oc-97">
         <name>.text</name>
         <load_address>0x6e5c</load_address>
         <run_address>0x6e5c</run_address>
         <size>0x1c8</size>
         <input_file_ref idref="fl-11"/>
      </object_component>
      <object_component id="oc-8f">
         <name>.text</name>
         <load_address>0x7024</load_address>
         <run_address>0x7024</run_address>
         <size>0x1a8</size>
         <input_file_ref idref="fl-1c"/>
      </object_component>
      <object_component id="oc-2b">
         <name>.text:retain</name>
         <load_address>0x71cc</load_address>
         <run_address>0x71cc</run_address>
         <size>0x114</size>
         <input_file_ref idref="fl-b"/>
      </object_component>
      <object_component id="oc-22">
         <name>.text:retain</name>
         <load_address>0x72e0</load_address>
         <run_address>0x72e0</run_address>
         <size>0x100</size>
         <input_file_ref idref="fl-3"/>
      </object_component>
      <object_component id="oc-a7">
         <name>.text</name>
         <load_address>0x73e0</load_address>
         <run_address>0x73e0</run_address>
         <size>0xe8</size>
         <input_file_ref idref="fl-5"/>
      </object_component>
      <object_component id="oc-f0">
         <name>.text</name>
         <load_address>0x74c8</load_address>
         <run_address>0x74c8</run_address>
         <size>0xe0</size>
         <input_file_ref idref="fl-21"/>
      </object_component>
      <object_component id="oc-53">
         <name>.text</name>
         <load_address>0x75a8</load_address>
         <run_address>0x75a8</run_address>
         <size>0x9c</size>
         <input_file_ref idref="fl-2b"/>
      </object_component>
      <object_component id="oc-f">
         <name>.text:decompress:lzss:__TI_decompress_lzss</name>
         <load_address>0x7644</load_address>
         <run_address>0x7644</run_address>
         <size>0x6c</size>
         <input_file_ref idref="fl-32"/>
      </object_component>
      <object_component id="oc-fe">
         <name>.text:__TI_auto_init_nobinit_nopinit:__TI_auto_init_nobinit_nopinit</name>
         <load_address>0x76b0</load_address>
         <run_address>0x76b0</run_address>
         <size>0x44</size>
         <input_file_ref idref="fl-2e"/>
      </object_component>
      <object_component id="oc-5f">
         <name>.text:decompress:ZI:__TI_zero_init_nomemset:__TI_zero_init_nomemset</name>
         <load_address>0x76f4</load_address>
         <run_address>0x76f4</run_address>
         <size>0x1c</size>
         <input_file_ref idref="fl-30"/>
      </object_component>
      <object_component id="oc-15">
         <name>.text:decompress:none:__TI_decompress_none</name>
         <load_address>0x7710</load_address>
         <run_address>0x7710</run_address>
         <size>0xe</size>
         <input_file_ref idref="fl-31"/>
      </object_component>
      <object_component id="oc-13b">
         <name>.text:abort:abort</name>
         <load_address>0x771e</load_address>
         <run_address>0x771e</run_address>
         <size>0x4</size>
         <input_file_ref idref="fl-33"/>
      </object_component>
      <object_component id="oc-36">
         <name>.text:retain</name>
         <load_address>0x7724</load_address>
         <run_address>0x7724</run_address>
         <size>0x4</size>
         <input_file_ref idref="fl-1f"/>
      </object_component>
      <object_component id="oc-76">
         <name>.text</name>
         <load_address>0x7728</load_address>
         <run_address>0x7728</run_address>
         <size>0x4</size>
         <input_file_ref idref="fl-23"/>
      </object_component>
      <object_component id="oc-28">
         <name>.const:s_vim_init</name>
         <load_address>0x772c</load_address>
         <run_address>0x772c</run_address>
         <size>0x180</size>
         <input_file_ref idref="fl-24"/>
      </object_component>
      <object_component id="oc-1ef">
         <name>.const:s_canByteOrder</name>
         <load_address>0x78ac</load_address>
         <run_address>0x78ac</run_address>
         <size>0x20</size>
         <input_file_ref idref="fl-3"/>
      </object_component>
      <object_component id="oc-2e6">
         <name>__TI_handler_table</name>
         <load_address>0x78d0</load_address>
         <run_address>0x78d0</run_address>
         <size>0xc</size>
      </object_component>
      <object_component id="oc-2e8">
         <name>.cinit..bss.load</name>
         <load_address>0x78e0</load_address>
         <run_address>0x78e0</run_address>
         <size>0x8</size>
      </object_component>
      <object_component id="oc-2e9">
         <name>.cinit..data.load</name>
         <load_address>0x78e8</load_address>
         <run_address>0x78e8</run_address>
         <size>0x7</size>
      </object_component>
      <object_component id="oc-2e7">
         <name>__TI_cinit_table</name>
         <load_address>0x78f0</load_address>
         <run_address>0x78f0</run_address>
         <size>0x10</size>
      </object_component>
      <object_component id="oc-134">
         <name>.common:data</name>
         <uninitialized>true</uninitialized>
         <run_address>0x8001500</run_address>
         <size>0x64</size>
      </object_component>
      <object_component id="oc-137">
         <name>.data</name>
         <load_address>0x8001564</load_address>
         <run_address>0x8001564</run_address>
         <size>0xc</size>
         <input_file_ref idref="fl-1c"/>
      </object_component>
      <object_component id="oc-17e">
         <name>.debug_info</name>
         <load_address>0x0</load_address>
         <run_address>0x0</run_address>
         <size>0x30a</size>
         <input_file_ref idref="fl-2"/>
      </object_component>
      <object_component id="oc-195">
         <name>.debug_info</name>
         <load_address>0x30a</load_address>
         <run_address>0x30a</run_address>
         <size>0x60e</size>
         <input_file_ref idref="fl-2"/>
      </object_component>
      <object_component id="oc-155">
         <name>.debug_info</name>
         <load_address>0x918</load_address>
         <run_address>0x918</run_address>
         <size>0x26b</size>
         <input_file_ref idref="fl-2"/>
      </object_component>
      <object_component id="oc-9e">
         <name>.debug_info</name>
         <load_address>0xb83</load_address>
         <run_address>0xb83</run_address>
         <size>0x157</size>
         <input_file_ref idref="fl-2"/>
      </object_component>
      <object_component id="oc-b4">
         <name>.debug_info</name>
         <load_address>0xcda</load_address>
         <run_address>0xcda</run_address>
         <size>0x8b</size>
         <input_file_ref idref="fl-2"/>
      </object_component>
      <object_component id="oc-af">
         <name>.debug_info</name>
         <load_address>0xd65</load_address>
         <run_address>0xd65</run_address>
         <size>0x18c</size>
         <input_file_ref idref="fl-2"/>
      </object_component>
      <object_component id="oc-231">
         <name>.debug_info</name>
         <load_address>0xef1</load_address>
         <run_address>0xef1</run_address>
         <size>0x2a4</size>
         <input_file_ref idref="fl-2"/>
      </object_component>
      <object_component id="oc-14e">
         <name>.debug_info</name>
         <load_address>0x1195</load_address>
         <run_address>0x1195</run_address>
         <size>0xbb</size>
         <input_file_ref idref="fl-2"/>
      </object_component>
      <object_component id="oc-b9">
         <name>.debug_info</name>
         <load_address>0x1250</load_address>
         <run_address>0x1250</run_address>
         <size>0x86</size>
         <input_file_ref idref="fl-2"/>
      </object_component>
      <object_component id="oc-23b">
         <name>.debug_info</name>
         <load_address>0x12d6</load_address>
         <run_address>0x12d6</run_address>
         <size>0x38f</size>
         <input_file_ref idref="fl-2"/>
      </object_component>
      <object_component id="oc-173">
         <name>.debug_info</name>
         <load_address>0x1665</load_address>
         <run_address>0x1665</run_address>
         <size>0x2cf</size>
         <input_file_ref idref="fl-2"/>
      </object_component>
      <object_component id="oc-1f3">
         <name>.debug_info</name>
         <load_address>0x1934</load_address>
         <run_address>0x1934</run_address>
         <size>0x3e3</size>
         <input_file_ref idref="fl-3"/>
      </object_component>
      <object_component id="oc-1f0">
         <name>.debug_info</name>
         <load_address>0x1d17</load_address>
         <run_address>0x1d17</run_address>
         <size>0xf6</size>
         <input_file_ref idref="fl-3"/>
      </object_component>
      <object_component id="oc-130">
         <name>.debug_info</name>
         <load_address>0x1e0d</load_address>
         <run_address>0x1e0d</run_address>
         <size>0x153d</size>
         <input_file_ref idref="fl-3"/>
      </object_component>
      <object_component id="oc-24">
         <name>.debug_info</name>
         <load_address>0x334a</load_address>
         <run_address>0x334a</run_address>
         <size>0x1c9</size>
         <input_file_ref idref="fl-3"/>
      </object_component>
      <object_component id="oc-1a9">
         <name>.debug_info</name>
         <load_address>0x3513</load_address>
         <run_address>0x3513</run_address>
         <size>0x437</size>
         <input_file_ref idref="fl-3"/>
      </object_component>
      <object_component id="oc-1f4">
         <name>.debug_info</name>
         <load_address>0x394a</load_address>
         <run_address>0x394a</run_address>
         <size>0x15f</size>
         <input_file_ref idref="fl-3"/>
      </object_component>
      <object_component id="oc-278">
         <name>.debug_info</name>
         <load_address>0x3aa9</load_address>
         <run_address>0x3aa9</run_address>
         <size>0x2cd</size>
         <input_file_ref idref="fl-4"/>
      </object_component>
      <object_component id="oc-213">
         <name>.debug_info</name>
         <load_address>0x3d76</load_address>
         <run_address>0x3d76</run_address>
         <size>0x3b8</size>
         <input_file_ref idref="fl-4"/>
      </object_component>
      <object_component id="oc-2af">
         <name>.debug_info</name>
         <load_address>0x412e</load_address>
         <run_address>0x412e</run_address>
         <size>0x22c</size>
         <input_file_ref idref="fl-4"/>
      </object_component>
      <object_component id="oc-a9">
         <name>.debug_info</name>
         <load_address>0x435a</load_address>
         <run_address>0x435a</run_address>
         <size>0x10d</size>
         <input_file_ref idref="fl-5"/>
      </object_component>
      <object_component id="oc-279">
         <name>.debug_info</name>
         <load_address>0x4467</load_address>
         <run_address>0x4467</run_address>
         <size>0x2a2</size>
         <input_file_ref idref="fl-6"/>
      </object_component>
      <object_component id="oc-2b6">
         <name>.debug_info</name>
         <load_address>0x4709</load_address>
         <run_address>0x4709</run_address>
         <size>0x155</size>
         <input_file_ref idref="fl-6"/>
      </object_component>
      <object_component id="oc-218">
         <name>.debug_info</name>
         <load_address>0x485e</load_address>
         <run_address>0x485e</run_address>
         <size>0x116</size>
         <input_file_ref idref="fl-6"/>
      </object_component>
      <object_component id="oc-238">
         <name>.debug_info</name>
         <load_address>0x4974</load_address>
         <run_address>0x4974</run_address>
         <size>0x28b</size>
         <input_file_ref idref="fl-7"/>
      </object_component>
      <object_component id="oc-27f">
         <name>.debug_info</name>
         <load_address>0x4bff</load_address>
         <run_address>0x4bff</run_address>
         <size>0x30e</size>
         <input_file_ref idref="fl-7"/>
      </object_component>
      <object_component id="oc-284">
         <name>.debug_info</name>
         <load_address>0x4f0d</load_address>
         <run_address>0x4f0d</run_address>
         <size>0xb2</size>
         <input_file_ref idref="fl-7"/>
      </object_component>
      <object_component id="oc-164">
         <name>.debug_info</name>
         <load_address>0x4fbf</load_address>
         <run_address>0x4fbf</run_address>
         <size>0x1f9</size>
         <input_file_ref idref="fl-7"/>
      </object_component>
      <object_component id="oc-236">
         <name>.debug_info</name>
         <load_address>0x51b8</load_address>
         <run_address>0x51b8</run_address>
         <size>0x5fe</size>
         <input_file_ref idref="fl-8"/>
      </object_component>
      <object_component id="oc-21d">
         <name>.debug_info</name>
         <load_address>0x57b6</load_address>
         <run_address>0x57b6</run_address>
         <size>0x515</size>
         <input_file_ref idref="fl-8"/>
      </object_component>
      <object_component id="oc-15f">
         <name>.debug_info</name>
         <load_address>0x5ccb</load_address>
         <run_address>0x5ccb</run_address>
         <size>0x435</size>
         <input_file_ref idref="fl-8"/>
      </object_component>
      <object_component id="oc-1cc">
         <name>.debug_info</name>
         <load_address>0x6100</load_address>
         <run_address>0x6100</run_address>
         <size>0x551</size>
         <input_file_ref idref="fl-8"/>
      </object_component>
      <object_component id="oc-169">
         <name>.debug_info</name>
         <load_address>0x6651</load_address>
         <run_address>0x6651</run_address>
         <size>0x6a6</size>
         <input_file_ref idref="fl-8"/>
      </object_component>
      <object_component id="oc-16e">
         <name>.debug_info</name>
         <load_address>0x6cf7</load_address>
         <run_address>0x6cf7</run_address>
         <size>0x13e</size>
         <input_file_ref idref="fl-8"/>
      </object_component>
      <object_component id="oc-192">
         <name>.debug_info</name>
         <load_address>0x6e35</load_address>
         <run_address>0x6e35</run_address>
         <size>0x295</size>
         <input_file_ref idref="fl-9"/>
      </object_component>
      <object_component id="oc-e9">
         <name>.debug_info</name>
         <load_address>0x70ca</load_address>
         <run_address>0x70ca</run_address>
         <size>0x396</size>
         <input_file_ref idref="fl-9"/>
      </object_component>
      <object_component id="oc-1b3">
         <name>.debug_info</name>
         <load_address>0x7460</load_address>
         <run_address>0x7460</run_address>
         <size>0x18e</size>
         <input_file_ref idref="fl-9"/>
      </object_component>
      <object_component id="oc-24b">
         <name>.debug_info</name>
         <load_address>0x75ee</load_address>
         <run_address>0x75ee</run_address>
         <size>0x1c8</size>
         <input_file_ref idref="fl-9"/>
      </object_component>
      <object_component id="oc-18e">
         <name>.debug_info</name>
         <load_address>0x77b6</load_address>
         <run_address>0x77b6</run_address>
         <size>0x2cc</size>
         <input_file_ref idref="fl-a"/>
      </object_component>
      <object_component id="oc-74">
         <name>.debug_info</name>
         <load_address>0x7a82</load_address>
         <run_address>0x7a82</run_address>
         <size>0x64d</size>
         <input_file_ref idref="fl-a"/>
      </object_component>
      <object_component id="oc-4e">
         <name>.debug_info</name>
         <load_address>0x80cf</load_address>
         <run_address>0x80cf</run_address>
         <size>0x84</size>
         <input_file_ref idref="fl-a"/>
      </object_component>
      <object_component id="oc-dc">
         <name>.debug_info</name>
         <load_address>0x8153</load_address>
         <run_address>0x8153</run_address>
         <size>0x9e7</size>
         <input_file_ref idref="fl-a"/>
      </object_component>
      <object_component id="oc-fd">
         <name>.debug_info</name>
         <load_address>0x8b3a</load_address>
         <run_address>0x8b3a</run_address>
         <size>0x324</size>
         <input_file_ref idref="fl-b"/>
      </object_component>
      <object_component id="oc-8a">
         <name>.debug_info</name>
         <load_address>0x8e5e</load_address>
         <run_address>0x8e5e</run_address>
         <size>0xb39</size>
         <input_file_ref idref="fl-b"/>
      </object_component>
      <object_component id="oc-2d">
         <name>.debug_info</name>
         <load_address>0x9997</load_address>
         <run_address>0x9997</run_address>
         <size>0x199</size>
         <input_file_ref idref="fl-b"/>
      </object_component>
      <object_component id="oc-15a">
         <name>.debug_info</name>
         <load_address>0x9b30</load_address>
         <run_address>0x9b30</run_address>
         <size>0x1de</size>
         <input_file_ref idref="fl-b"/>
      </object_component>
      <object_component id="oc-f8">
         <name>.debug_info</name>
         <load_address>0x9d0e</load_address>
         <run_address>0x9d0e</run_address>
         <size>0x129</size>
         <input_file_ref idref="fl-b"/>
      </object_component>
      <object_component id="oc-251">
         <name>.debug_info</name>
         <load_address>0x9e37</load_address>
         <run_address>0x9e37</run_address>
         <size>0x303</size>
         <input_file_ref idref="fl-d"/>
      </object_component>
      <object_component id="oc-186">
         <name>.debug_info</name>
         <load_address>0xa13a</load_address>
         <run_address>0xa13a</run_address>
         <size>0x2c</size>
         <input_file_ref idref="fl-d"/>
      </object_component>
      <object_component id="oc-1a4">
         <name>.debug_info</name>
         <load_address>0xa166</load_address>
         <run_address>0xa166</run_address>
         <size>0x35</size>
         <input_file_ref idref="fl-d"/>
      </object_component>
      <object_component id="oc-1b8">
         <name>.debug_info</name>
         <load_address>0xa19b</load_address>
         <run_address>0xa19b</run_address>
         <size>0x3d3</size>
         <input_file_ref idref="fl-d"/>
      </object_component>
      <object_component id="oc-292">
         <name>.debug_info</name>
         <load_address>0xa56e</load_address>
         <run_address>0xa56e</run_address>
         <size>0x2e3</size>
         <input_file_ref idref="fl-d"/>
      </object_component>
      <object_component id="oc-27a">
         <name>.debug_info</name>
         <load_address>0xa851</load_address>
         <run_address>0xa851</run_address>
         <size>0x2b2</size>
         <input_file_ref idref="fl-e"/>
      </object_component>
      <object_component id="oc-222">
         <name>.debug_info</name>
         <load_address>0xab03</load_address>
         <run_address>0xab03</run_address>
         <size>0x2e2</size>
         <input_file_ref idref="fl-e"/>
      </object_component>
      <object_component id="oc-2bd">
         <name>.debug_info</name>
         <load_address>0xade5</load_address>
         <run_address>0xade5</run_address>
         <size>0x34f</size>
         <input_file_ref idref="fl-e"/>
      </object_component>
      <object_component id="oc-250">
         <name>.debug_info</name>
         <load_address>0xb134</load_address>
         <run_address>0xb134</run_address>
         <size>0x308</size>
         <input_file_ref idref="fl-10"/>
      </object_component>
      <object_component id="oc-19a">
         <name>.debug_info</name>
         <load_address>0xb43c</load_address>
         <run_address>0xb43c</run_address>
         <size>0x4de</size>
         <input_file_ref idref="fl-10"/>
      </object_component>
      <object_component id="oc-28b">
         <name>.debug_info</name>
         <load_address>0xb91a</load_address>
         <run_address>0xb91a</run_address>
         <size>0x44e</size>
         <input_file_ref idref="fl-10"/>
      </object_component>
      <object_component id="oc-148">
         <name>.debug_info</name>
         <load_address>0xbd68</load_address>
         <run_address>0xbd68</run_address>
         <size>0x5c9</size>
         <input_file_ref idref="fl-11"/>
      </object_component>
      <object_component id="oc-98">
         <name>.debug_info</name>
         <load_address>0xc331</load_address>
         <run_address>0xc331</run_address>
         <size>0x1310</size>
         <input_file_ref idref="fl-11"/>
      </object_component>
      <object_component id="oc-19f">
         <name>.debug_info</name>
         <load_address>0xd641</load_address>
         <run_address>0xd641</run_address>
         <size>0x3ce</size>
         <input_file_ref idref="fl-11"/>
      </object_component>
      <object_component id="oc-209">
         <name>.debug_info</name>
         <load_address>0xda0f</load_address>
         <run_address>0xda0f</run_address>
         <size>0x306</size>
         <input_file_ref idref="fl-11"/>
      </object_component>
      <object_component id="oc-20e">
         <name>.debug_info</name>
         <load_address>0xdd15</load_address>
         <run_address>0xdd15</run_address>
         <size>0x7cd</size>
         <input_file_ref idref="fl-11"/>
      </object_component>
      <object_component id="oc-149">
         <name>.debug_info</name>
         <load_address>0xe4e2</load_address>
         <run_address>0xe4e2</run_address>
         <size>0x673</size>
         <input_file_ref idref="fl-11"/>
      </object_component>
      <object_component id="oc-1d9">
         <name>.debug_info</name>
         <load_address>0xeb55</load_address>
         <run_address>0xeb55</run_address>
         <size>0x37b</size>
         <input_file_ref idref="fl-11"/>
      </object_component>
      <object_component id="oc-1ae">
         <name>.debug_info</name>
         <load_address>0xeed0</load_address>
         <run_address>0xeed0</run_address>
         <size>0x1ca</size>
         <input_file_ref idref="fl-11"/>
      </object_component>
      <object_component id="oc-1c2">
         <name>.debug_info</name>
         <load_address>0xf09a</load_address>
         <run_address>0xf09a</run_address>
         <size>0x1de</size>
         <input_file_ref idref="fl-11"/>
      </object_component>
      <object_component id="oc-227">
         <name>.debug_info</name>
         <load_address>0xf278</load_address>
         <run_address>0xf278</run_address>
         <size>0x243</size>
         <input_file_ref idref="fl-11"/>
      </object_component>
      <object_component id="oc-22c">
         <name>.debug_info</name>
         <load_address>0xf4bb</load_address>
         <run_address>0xf4bb</run_address>
         <size>0x26c</size>
         <input_file_ref idref="fl-11"/>
      </object_component>
      <object_component id="oc-1d1">
         <name>.debug_info</name>
         <load_address>0xf727</load_address>
         <run_address>0xf727</run_address>
         <size>0x17a</size>
         <input_file_ref idref="fl-11"/>
      </object_component>
      <object_component id="oc-190">
         <name>.debug_info</name>
         <load_address>0xf8a1</load_address>
         <run_address>0xf8a1</run_address>
         <size>0x2da</size>
         <input_file_ref idref="fl-13"/>
      </object_component>
      <object_component id="oc-e6">
         <name>.debug_info</name>
         <load_address>0xfb7b</load_address>
         <run_address>0xfb7b</run_address>
         <size>0x1f3</size>
         <input_file_ref idref="fl-13"/>
      </object_component>
      <object_component id="oc-1bd">
         <name>.debug_info</name>
         <load_address>0xfd6e</load_address>
         <run_address>0xfd6e</run_address>
         <size>0x3a4</size>
         <input_file_ref idref="fl-13"/>
      </object_component>
      <object_component id="oc-244">
         <name>.debug_info</name>
         <load_address>0x10112</load_address>
         <run_address>0x10112</run_address>
         <size>0x2c7</size>
         <input_file_ref idref="fl-13"/>
      </object_component>
      <object_component id="oc-6c">
         <name>.debug_info</name>
         <load_address>0x103d9</load_address>
         <run_address>0x103d9</run_address>
         <size>0x802</size>
         <input_file_ref idref="fl-19"/>
      </object_component>
      <object_component id="oc-32">
         <name>.debug_info</name>
         <load_address>0x10bdb</load_address>
         <run_address>0x10bdb</run_address>
         <size>0x115</size>
         <input_file_ref idref="fl-1b"/>
      </object_component>
      <object_component id="oc-135">
         <name>.debug_info</name>
         <load_address>0x10cf0</load_address>
         <run_address>0x10cf0</run_address>
         <size>0x40d</size>
         <input_file_ref idref="fl-1c"/>
      </object_component>
      <object_component id="oc-138">
         <name>.debug_info</name>
         <load_address>0x110fd</load_address>
         <run_address>0x110fd</run_address>
         <size>0x12a</size>
         <input_file_ref idref="fl-1c"/>
      </object_component>
      <object_component id="oc-91">
         <name>.debug_info</name>
         <load_address>0x11227</load_address>
         <run_address>0x11227</run_address>
         <size>0x2ed</size>
         <input_file_ref idref="fl-1c"/>
      </object_component>
      <object_component id="oc-252">
         <name>.debug_info</name>
         <load_address>0x11514</load_address>
         <run_address>0x11514</run_address>
         <size>0x2ad</size>
         <input_file_ref idref="fl-1e"/>
      </object_component>
      <object_component id="oc-299">
         <name>.debug_info</name>
         <load_address>0x117c1</load_address>
         <run_address>0x117c1</run_address>
         <size>0x242</size>
         <input_file_ref idref="fl-1e"/>
      </object_component>
      <object_component id="oc-1c7">
         <name>.debug_info</name>
         <load_address>0x11a03</load_address>
         <run_address>0x11a03</run_address>
         <size>0x2af</size>
         <input_file_ref idref="fl-1e"/>
      </object_component>
      <object_component id="oc-37">
         <name>.debug_info</name>
         <load_address>0x11cb2</load_address>
         <run_address>0x11cb2</run_address>
         <size>0x14a</size>
         <input_file_ref idref="fl-1f"/>
      </object_component>
      <object_component id="oc-f2">
         <name>.debug_info</name>
         <load_address>0x11dfc</load_address>
         <run_address>0x11dfc</run_address>
         <size>0x374</size>
         <input_file_ref idref="fl-21"/>
      </object_component>
      <object_component id="oc-f6">
         <name>.debug_info</name>
         <load_address>0x12170</load_address>
         <run_address>0x12170</run_address>
         <size>0x670</size>
         <input_file_ref idref="fl-22"/>
      </object_component>
      <object_component id="oc-83">
         <name>.debug_info</name>
         <load_address>0x127e0</load_address>
         <run_address>0x127e0</run_address>
         <size>0x2e9c</size>
         <input_file_ref idref="fl-22"/>
      </object_component>
      <object_component id="oc-1e">
         <name>.debug_info</name>
         <load_address>0x1567c</load_address>
         <run_address>0x1567c</run_address>
         <size>0x60a</size>
         <input_file_ref idref="fl-23"/>
      </object_component>
      <object_component id="oc-78">
         <name>.debug_info</name>
         <load_address>0x15c86</load_address>
         <run_address>0x15c86</run_address>
         <size>0x143</size>
         <input_file_ref idref="fl-23"/>
      </object_component>
      <object_component id="oc-a5">
         <name>.debug_info</name>
         <load_address>0x15dc9</load_address>
         <run_address>0x15dc9</run_address>
         <size>0x48d</size>
         <input_file_ref idref="fl-24"/>
      </object_component>
      <object_component id="oc-29">
         <name>.debug_info</name>
         <load_address>0x16256</load_address>
         <run_address>0x16256</run_address>
         <size>0xf2</size>
         <input_file_ref idref="fl-24"/>
      </object_component>
      <object_component id="oc-3f">
         <name>.debug_info</name>
         <load_address>0x16348</load_address>
         <run_address>0x16348</run_address>
         <size>0x484</size>
         <input_file_ref idref="fl-24"/>
      </object_component>
      <object_component id="oc-45">
         <name>.debug_info</name>
         <load_address>0x167cc</load_address>
         <run_address>0x167cc</run_address>
         <size>0x20d</size>
         <input_file_ref idref="fl-24"/>
      </object_component>
      <object_component id="oc-178">
         <name>.debug_info</name>
         <load_address>0x169d9</load_address>
         <run_address>0x169d9</run_address>
         <size>0x4f</size>
         <input_file_ref idref="fl-24"/>
      </object_component>
      <object_component id="oc-ef">
         <name>.debug_info</name>
         <load_address>0x16a28</load_address>
         <run_address>0x16a28</run_address>
         <size>0x556</size>
         <input_file_ref idref="fl-25"/>
      </object_component>
      <object_component id="oc-7e">
         <name>.debug_info</name>
         <load_address>0x16f7e</load_address>
         <run_address>0x16f7e</run_address>
         <size>0x804</size>
         <input_file_ref idref="fl-25"/>
      </object_component>
      <object_component id="oc-56">
         <name>.debug_info</name>
         <load_address>0x17782</load_address>
         <run_address>0x17782</run_address>
         <size>0x119</size>
         <input_file_ref idref="fl-2b"/>
      </object_component>
      <object_component id="oc-1e1">
         <name>.debug_info</name>
         <load_address>0x1789b</load_address>
         <run_address>0x1789b</run_address>
         <size>0x4b3</size>
         <input_file_ref idref="fl-2e"/>
      </object_component>
      <object_component id="oc-ff">
         <name>.debug_info</name>
         <load_address>0x17d4e</load_address>
         <run_address>0x17d4e</run_address>
         <size>0x1a6</size>
         <input_file_ref idref="fl-2e"/>
      </object_component>
      <object_component id="oc-255">
         <name>.debug_info</name>
         <load_address>0x17ef4</load_address>
         <run_address>0x17ef4</run_address>
         <size>0x39</size>
         <input_file_ref idref="fl-2e"/>
      </object_component>
      <object_component id="oc-29e">
         <name>.debug_info</name>
         <load_address>0x17f2d</load_address>
         <run_address>0x17f2d</run_address>
         <size>0x39</size>
         <input_file_ref idref="fl-2e"/>
      </object_component>
      <object_component id="oc-25a">
         <name>.debug_info</name>
         <load_address>0x17f66</load_address>
         <run_address>0x17f66</run_address>
         <size>0x39</size>
         <input_file_ref idref="fl-2e"/>
      </object_component>
      <object_component id="oc-25f">
         <name>.debug_info</name>
         <load_address>0x17f9f</load_address>
         <run_address>0x17f9f</run_address>
         <size>0xcd</size>
         <input_file_ref idref="fl-2e"/>
      </object_component>
      <object_component id="oc-d3">
         <name>.debug_info</name>
         <load_address>0x1806c</load_address>
         <run_address>0x1806c</run_address>
         <size>0x2d4</size>
         <input_file_ref idref="fl-30"/>
      </object_component>
      <object_component id="oc-60">
         <name>.debug_info</name>
         <load_address>0x18340</load_address>
         <run_address>0x18340</run_address>
         <size>0x1d2</size>
         <input_file_ref idref="fl-30"/>
      </object_component>
      <object_component id="oc-ce">
         <name>.debug_info</name>
         <load_address>0x18512</load_address>
         <run_address>0x18512</run_address>
         <size>0x46</size>
         <input_file_ref idref="fl-30"/>
      </object_component>
      <object_component id="oc-5e">
         <name>.debug_info</name>
         <load_address>0x18558</load_address>
         <run_address>0x18558</run_address>
         <size>0x2a3</size>
         <input_file_ref idref="fl-31"/>
      </object_component>
      <object_component id="oc-16">
         <name>.debug_info</name>
         <load_address>0x187fb</load_address>
         <run_address>0x187fb</run_address>
         <size>0x1d5</size>
         <input_file_ref idref="fl-31"/>
      </object_component>
      <object_component id="oc-59">
         <name>.debug_info</name>
         <load_address>0x189d0</load_address>
         <run_address>0x189d0</run_address>
         <size>0x46</size>
         <input_file_ref idref="fl-31"/>
      </object_component>
      <object_component id="oc-c6">
         <name>.debug_info</name>
         <load_address>0x18a16</load_address>
         <run_address>0x18a16</run_address>
         <size>0x2c</size>
         <input_file_ref idref="fl-31"/>
      </object_component>
      <object_component id="oc-c4">
         <name>.debug_info</name>
         <load_address>0x18a42</load_address>
         <run_address>0x18a42</run_address>
         <size>0x29e</size>
         <input_file_ref idref="fl-32"/>
      </object_component>
      <object_component id="oc-12">
         <name>.debug_info</name>
         <load_address>0x18ce0</load_address>
         <run_address>0x18ce0</run_address>
         <size>0x250</size>
         <input_file_ref idref="fl-32"/>
      </object_component>
      <object_component id="oc-49">
         <name>.debug_info</name>
         <load_address>0x18f30</load_address>
         <run_address>0x18f30</run_address>
         <size>0x60</size>
         <input_file_ref idref="fl-32"/>
      </object_component>
      <object_component id="oc-17f">
         <name>.debug_info</name>
         <load_address>0x18f90</load_address>
         <run_address>0x18f90</run_address>
         <size>0x46</size>
         <input_file_ref idref="fl-32"/>
      </object_component>
      <object_component id="oc-bf">
         <name>.debug_info</name>
         <load_address>0x18fd6</load_address>
         <run_address>0x18fd6</run_address>
         <size>0x39</size>
         <input_file_ref idref="fl-32"/>
      </object_component>
      <object_component id="oc-13f">
         <name>.debug_info</name>
         <load_address>0x1900f</load_address>
         <run_address>0x1900f</run_address>
         <size>0x122</size>
         <input_file_ref idref="fl-33"/>
      </object_component>
      <object_component id="oc-2eb">
         <name>.debug_info</name>
         <load_address>0x19131</load_address>
         <run_address>0x19131</run_address>
         <size>0xb4</size>
      </object_component>
      <object_component id="oc-23a">
         <name>.debug_line</name>
         <load_address>0x0</load_address>
         <run_address>0x0</run_address>
         <size>0x20</size>
         <input_file_ref idref="fl-2"/>
      </object_component>
      <object_component id="oc-198">
         <name>.debug_line</name>
         <load_address>0x20</load_address>
         <run_address>0x20</run_address>
         <size>0x75</size>
         <input_file_ref idref="fl-2"/>
      </object_component>
      <object_component id="oc-158">
         <name>.debug_line</name>
         <load_address>0x95</load_address>
         <run_address>0x95</run_address>
         <size>0x6f</size>
         <input_file_ref idref="fl-2"/>
      </object_component>
      <object_component id="oc-a1">
         <name>.debug_line</name>
         <load_address>0x104</load_address>
         <run_address>0x104</run_address>
         <size>0x7a</size>
         <input_file_ref idref="fl-2"/>
      </object_component>
      <object_component id="oc-b7">
         <name>.debug_line</name>
         <load_address>0x17e</load_address>
         <run_address>0x17e</run_address>
         <size>0x20</size>
         <input_file_ref idref="fl-2"/>
      </object_component>
      <object_component id="oc-b2">
         <name>.debug_line</name>
         <load_address>0x19e</load_address>
         <run_address>0x19e</run_address>
         <size>0x75</size>
         <input_file_ref idref="fl-2"/>
      </object_component>
      <object_component id="oc-234">
         <name>.debug_line</name>
         <load_address>0x213</load_address>
         <run_address>0x213</run_address>
         <size>0x73</size>
         <input_file_ref idref="fl-2"/>
      </object_component>
      <object_component id="oc-151">
         <name>.debug_line</name>
         <load_address>0x286</load_address>
         <run_address>0x286</run_address>
         <size>0x70</size>
         <input_file_ref idref="fl-2"/>
      </object_component>
      <object_component id="oc-bc">
         <name>.debug_line</name>
         <load_address>0x2f6</load_address>
         <run_address>0x2f6</run_address>
         <size>0x78</size>
         <input_file_ref idref="fl-2"/>
      </object_component>
      <object_component id="oc-23e">
         <name>.debug_line</name>
         <load_address>0x36e</load_address>
         <run_address>0x36e</run_address>
         <size>0x71</size>
         <input_file_ref idref="fl-2"/>
      </object_component>
      <object_component id="oc-176">
         <name>.debug_line</name>
         <load_address>0x3df</load_address>
         <run_address>0x3df</run_address>
         <size>0x75</size>
         <input_file_ref idref="fl-2"/>
      </object_component>
      <object_component id="oc-269">
         <name>.debug_line</name>
         <load_address>0x454</load_address>
         <run_address>0x454</run_address>
         <size>0x71</size>
         <input_file_ref idref="fl-3"/>
      </object_component>
      <object_component id="oc-267">
         <name>.debug_line</name>
         <load_address>0x4c5</load_address>
         <run_address>0x4c5</run_address>
         <size>0x33</size>
         <input_file_ref idref="fl-3"/>
      </object_component>
      <object_component id="oc-12f">
         <name>.debug_line</name>
         <load_address>0x4f8</load_address>
         <run_address>0x4f8</run_address>
         <size>0x473</size>
         <input_file_ref idref="fl-3"/>
      </object_component>
      <object_component id="oc-23">
         <name>.debug_line</name>
         <load_address>0x96b</load_address>
         <run_address>0x96b</run_address>
         <size>0x65</size>
         <input_file_ref idref="fl-3"/>
      </object_component>
      <object_component id="oc-1ac">
         <name>.debug_line</name>
         <load_address>0x9d0</load_address>
         <run_address>0x9d0</run_address>
         <size>0x75</size>
         <input_file_ref idref="fl-3"/>
      </object_component>
      <object_component id="oc-1f7">
         <name>.debug_line</name>
         <load_address>0xa45</load_address>
         <run_address>0xa45</run_address>
         <size>0x71</size>
         <input_file_ref idref="fl-3"/>
      </object_component>
      <object_component id="oc-2ae">
         <name>.debug_line</name>
         <load_address>0xab6</load_address>
         <run_address>0xab6</run_address>
         <size>0x20</size>
         <input_file_ref idref="fl-4"/>
      </object_component>
      <object_component id="oc-216">
         <name>.debug_line</name>
         <load_address>0xad6</load_address>
         <run_address>0xad6</run_address>
         <size>0x75</size>
         <input_file_ref idref="fl-4"/>
      </object_component>
      <object_component id="oc-2b2">
         <name>.debug_line</name>
         <load_address>0xb4b</load_address>
         <run_address>0xb4b</run_address>
         <size>0x71</size>
         <input_file_ref idref="fl-4"/>
      </object_component>
      <object_component id="oc-ab">
         <name>.debug_line</name>
         <load_address>0xbbc</load_address>
         <run_address>0xbbc</run_address>
         <size>0x78</size>
         <input_file_ref idref="fl-5"/>
      </object_component>
      <object_component id="oc-2b5">
         <name>.debug_line</name>
         <load_address>0xc34</load_address>
         <run_address>0xc34</run_address>
         <size>0x20</size>
         <input_file_ref idref="fl-6"/>
      </object_component>
      <object_component id="oc-2b9">
         <name>.debug_line</name>
         <load_address>0xc54</load_address>
         <run_address>0xc54</run_address>
         <size>0x71</size>
         <input_file_ref idref="fl-6"/>
      </object_component>
      <object_component id="oc-21b">
         <name>.debug_line</name>
         <load_address>0xcc5</load_address>
         <run_address>0xcc5</run_address>
         <size>0x75</size>
         <input_file_ref idref="fl-6"/>
      </object_component>
      <object_component id="oc-27e">
         <name>.debug_line</name>
         <load_address>0xd3a</load_address>
         <run_address>0xd3a</run_address>
         <size>0x20</size>
         <input_file_ref idref="fl-7"/>
      </object_component>
      <object_component id="oc-282">
         <name>.debug_line</name>
         <load_address>0xd5a</load_address>
         <run_address>0xd5a</run_address>
         <size>0x75</size>
         <input_file_ref idref="fl-7"/>
      </object_component>
      <object_component id="oc-287">
         <name>.debug_line</name>
         <load_address>0xdcf</load_address>
         <run_address>0xdcf</run_address>
         <size>0x71</size>
         <input_file_ref idref="fl-7"/>
      </object_component>
      <object_component id="oc-167">
         <name>.debug_line</name>
         <load_address>0xe40</load_address>
         <run_address>0xe40</run_address>
         <size>0x75</size>
         <input_file_ref idref="fl-7"/>
      </object_component>
      <object_component id="oc-27c">
         <name>.debug_line</name>
         <load_address>0xeb5</load_address>
         <run_address>0xeb5</run_address>
         <size>0xdf</size>
         <input_file_ref idref="fl-8"/>
      </object_component>
      <object_component id="oc-220">
         <name>.debug_line</name>
         <load_address>0xf94</load_address>
         <run_address>0xf94</run_address>
         <size>0x72</size>
         <input_file_ref idref="fl-8"/>
      </object_component>
      <object_component id="oc-162">
         <name>.debug_line</name>
         <load_address>0x1006</load_address>
         <run_address>0x1006</run_address>
         <size>0x77</size>
         <input_file_ref idref="fl-8"/>
      </object_component>
      <object_component id="oc-1cf">
         <name>.debug_line</name>
         <load_address>0x107d</load_address>
         <run_address>0x107d</run_address>
         <size>0x74</size>
         <input_file_ref idref="fl-8"/>
      </object_component>
      <object_component id="oc-16c">
         <name>.debug_line</name>
         <load_address>0x10f1</load_address>
         <run_address>0x10f1</run_address>
         <size>0x78</size>
         <input_file_ref idref="fl-8"/>
      </object_component>
      <object_component id="oc-171">
         <name>.debug_line</name>
         <load_address>0x1169</load_address>
         <run_address>0x1169</run_address>
         <size>0x77</size>
         <input_file_ref idref="fl-8"/>
      </object_component>
      <object_component id="oc-24a">
         <name>.debug_line</name>
         <load_address>0x11e0</load_address>
         <run_address>0x11e0</run_address>
         <size>0x20</size>
         <input_file_ref idref="fl-9"/>
      </object_component>
      <object_component id="oc-ec">
         <name>.debug_line</name>
         <load_address>0x1200</load_address>
         <run_address>0x1200</run_address>
         <size>0xf7</size>
         <input_file_ref idref="fl-9"/>
      </object_component>
      <object_component id="oc-1b6">
         <name>.debug_line</name>
         <load_address>0x12f7</load_address>
         <run_address>0x12f7</run_address>
         <size>0x76</size>
         <input_file_ref idref="fl-9"/>
      </object_component>
      <object_component id="oc-24e">
         <name>.debug_line</name>
         <load_address>0x136d</load_address>
         <run_address>0x136d</run_address>
         <size>0x72</size>
         <input_file_ref idref="fl-9"/>
      </object_component>
      <object_component id="oc-241">
         <name>.debug_line</name>
         <load_address>0x13df</load_address>
         <run_address>0x13df</run_address>
         <size>0x20</size>
         <input_file_ref idref="fl-a"/>
      </object_component>
      <object_component id="oc-73">
         <name>.debug_line</name>
         <load_address>0x13ff</load_address>
         <run_address>0x13ff</run_address>
         <size>0x1ea</size>
         <input_file_ref idref="fl-a"/>
      </object_component>
      <object_component id="oc-51">
         <name>.debug_line</name>
         <load_address>0x15e9</load_address>
         <run_address>0x15e9</run_address>
         <size>0x20</size>
         <input_file_ref idref="fl-a"/>
      </object_component>
      <object_component id="oc-df">
         <name>.debug_line</name>
         <load_address>0x1609</load_address>
         <run_address>0x1609</run_address>
         <size>0x84</size>
         <input_file_ref idref="fl-a"/>
      </object_component>
      <object_component id="oc-1df">
         <name>.debug_line</name>
         <load_address>0x168d</load_address>
         <run_address>0x168d</run_address>
         <size>0x71</size>
         <input_file_ref idref="fl-b"/>
      </object_component>
      <object_component id="oc-89">
         <name>.debug_line</name>
         <load_address>0x16fe</load_address>
         <run_address>0x16fe</run_address>
         <size>0x26b</size>
         <input_file_ref idref="fl-b"/>
      </object_component>
      <object_component id="oc-2c">
         <name>.debug_line</name>
         <load_address>0x1969</load_address>
         <run_address>0x1969</run_address>
         <size>0x63</size>
         <input_file_ref idref="fl-b"/>
      </object_component>
      <object_component id="oc-15d">
         <name>.debug_line</name>
         <load_address>0x19cc</load_address>
         <run_address>0x19cc</run_address>
         <size>0x75</size>
         <input_file_ref idref="fl-b"/>
      </object_component>
      <object_component id="oc-fb">
         <name>.debug_line</name>
         <load_address>0x1a41</load_address>
         <run_address>0x1a41</run_address>
         <size>0x71</size>
         <input_file_ref idref="fl-b"/>
      </object_component>
      <object_component id="oc-291">
         <name>.debug_line</name>
         <load_address>0x1ab2</load_address>
         <run_address>0x1ab2</run_address>
         <size>0x20</size>
         <input_file_ref idref="fl-d"/>
      </object_component>
      <object_component id="oc-189">
         <name>.debug_line</name>
         <load_address>0x1ad2</load_address>
         <run_address>0x1ad2</run_address>
         <size>0x6b</size>
         <input_file_ref idref="fl-d"/>
      </object_component>
      <object_component id="oc-1a7">
         <name>.debug_line</name>
         <load_address>0x1b3d</load_address>
         <run_address>0x1b3d</run_address>
         <size>0x74</size>
         <input_file_ref idref="fl-d"/>
      </object_component>
      <object_component id="oc-1bb">
         <name>.debug_line</name>
         <load_address>0x1bb1</load_address>
         <run_address>0x1bb1</run_address>
         <size>0x75</size>
         <input_file_ref idref="fl-d"/>
      </object_component>
      <object_component id="oc-295">
         <name>.debug_line</name>
         <load_address>0x1c26</load_address>
         <run_address>0x1c26</run_address>
         <size>0x71</size>
         <input_file_ref idref="fl-d"/>
      </object_component>
      <object_component id="oc-2bc">
         <name>.debug_line</name>
         <load_address>0x1c97</load_address>
         <run_address>0x1c97</run_address>
         <size>0x20</size>
         <input_file_ref idref="fl-e"/>
      </object_component>
      <object_component id="oc-225">
         <name>.debug_line</name>
         <load_address>0x1cb7</load_address>
         <run_address>0x1cb7</run_address>
         <size>0x75</size>
         <input_file_ref idref="fl-e"/>
      </object_component>
      <object_component id="oc-2c0">
         <name>.debug_line</name>
         <load_address>0x1d2c</load_address>
         <run_address>0x1d2c</run_address>
         <size>0x71</size>
         <input_file_ref idref="fl-e"/>
      </object_component>
      <object_component id="oc-28a">
         <name>.debug_line</name>
         <load_address>0x1d9d</load_address>
         <run_address>0x1d9d</run_address>
         <size>0x20</size>
         <input_file_ref idref="fl-10"/>
      </object_component>
      <object_component id="oc-19d">
         <name>.debug_line</name>
         <load_address>0x1dbd</load_address>
         <run_address>0x1dbd</run_address>
         <size>0x78</size>
         <input_file_ref idref="fl-10"/>
      </object_component>
      <object_component id="oc-28e">
         <name>.debug_line</name>
         <load_address>0x1e35</load_address>
         <run_address>0x1e35</run_address>
         <size>0x74</size>
         <input_file_ref idref="fl-10"/>
      </object_component>
      <object_component id="oc-208">
         <name>.debug_line</name>
         <load_address>0x1ea9</load_address>
         <run_address>0x1ea9</run_address>
         <size>0x20</size>
         <input_file_ref idref="fl-11"/>
      </object_component>
      <object_component id="oc-9b">
         <name>.debug_line</name>
         <load_address>0x1ec9</load_address>
         <run_address>0x1ec9</run_address>
         <size>0x233</size>
         <input_file_ref idref="fl-11"/>
      </object_component>
      <object_component id="oc-1a2">
         <name>.debug_line</name>
         <load_address>0x20fc</load_address>
         <run_address>0x20fc</run_address>
         <size>0x75</size>
         <input_file_ref idref="fl-11"/>
      </object_component>
      <object_component id="oc-20c">
         <name>.debug_line</name>
         <load_address>0x2171</load_address>
         <run_address>0x2171</run_address>
         <size>0x75</size>
         <input_file_ref idref="fl-11"/>
      </object_component>
      <object_component id="oc-211">
         <name>.debug_line</name>
         <load_address>0x21e6</load_address>
         <run_address>0x21e6</run_address>
         <size>0x75</size>
         <input_file_ref idref="fl-11"/>
      </object_component>
      <object_component id="oc-14c">
         <name>.debug_line</name>
         <load_address>0x225b</load_address>
         <run_address>0x225b</run_address>
         <size>0x75</size>
         <input_file_ref idref="fl-11"/>
      </object_component>
      <object_component id="oc-1dc">
         <name>.debug_line</name>
         <load_address>0x22d0</load_address>
         <run_address>0x22d0</run_address>
         <size>0x7a</size>
         <input_file_ref idref="fl-11"/>
      </object_component>
      <object_component id="oc-1b1">
         <name>.debug_line</name>
         <load_address>0x234a</load_address>
         <run_address>0x234a</run_address>
         <size>0x75</size>
         <input_file_ref idref="fl-11"/>
      </object_component>
      <object_component id="oc-1c5">
         <name>.debug_line</name>
         <load_address>0x23bf</load_address>
         <run_address>0x23bf</run_address>
         <size>0x77</size>
         <input_file_ref idref="fl-11"/>
      </object_component>
      <object_component id="oc-22a">
         <name>.debug_line</name>
         <load_address>0x2436</load_address>
         <run_address>0x2436</run_address>
         <size>0x75</size>
         <input_file_ref idref="fl-11"/>
      </object_component>
      <object_component id="oc-22f">
         <name>.debug_line</name>
         <load_address>0x24ab</load_address>
         <run_address>0x24ab</run_address>
         <size>0x75</size>
         <input_file_ref idref="fl-11"/>
      </object_component>
      <object_component id="oc-1d4">
         <name>.debug_line</name>
         <load_address>0x2520</load_address>
         <run_address>0x2520</run_address>
         <size>0x75</size>
         <input_file_ref idref="fl-11"/>
      </object_component>
      <object_component id="oc-243">
         <name>.debug_line</name>
         <load_address>0x2595</load_address>
         <run_address>0x2595</run_address>
         <size>0x20</size>
         <input_file_ref idref="fl-13"/>
      </object_component>
      <object_component id="oc-e5">
         <name>.debug_line</name>
         <load_address>0x25b5</load_address>
         <run_address>0x25b5</run_address>
         <size>0xb8</size>
         <input_file_ref idref="fl-13"/>
      </object_component>
      <object_component id="oc-1c0">
         <name>.debug_line</name>
         <load_address>0x266d</load_address>
         <run_address>0x266d</run_address>
         <size>0x78</size>
         <input_file_ref idref="fl-13"/>
      </object_component>
      <object_component id="oc-247">
         <name>.debug_line</name>
         <load_address>0x26e5</load_address>
         <run_address>0x26e5</run_address>
         <size>0x74</size>
         <input_file_ref idref="fl-13"/>
      </object_component>
      <object_component id="oc-6f">
         <name>.debug_line</name>
         <load_address>0x2759</load_address>
         <run_address>0x2759</run_address>
         <size>0x2e4</size>
         <input_file_ref idref="fl-19"/>
      </object_component>
      <object_component id="oc-35">
         <name>.debug_line</name>
         <load_address>0x2a3d</load_address>
         <run_address>0x2a3d</run_address>
         <size>0x4f</size>
         <input_file_ref idref="fl-1b"/>
      </object_component>
      <object_component id="oc-1fa">
         <name>.debug_line</name>
         <load_address>0x2a8c</load_address>
         <run_address>0x2a8c</run_address>
         <size>0xdf</size>
         <input_file_ref idref="fl-1c"/>
      </object_component>
      <object_component id="oc-1fc">
         <name>.debug_line</name>
         <load_address>0x2b6b</load_address>
         <run_address>0x2b6b</run_address>
         <size>0x38</size>
         <input_file_ref idref="fl-1c"/>
      </object_component>
      <object_component id="oc-90">
         <name>.debug_line</name>
         <load_address>0x2ba3</load_address>
         <run_address>0x2ba3</run_address>
         <size>0xc2</size>
         <input_file_ref idref="fl-1c"/>
      </object_component>
      <object_component id="oc-298">
         <name>.debug_line</name>
         <load_address>0x2c65</load_address>
         <run_address>0x2c65</run_address>
         <size>0x20</size>
         <input_file_ref idref="fl-1e"/>
      </object_component>
      <object_component id="oc-29c">
         <name>.debug_line</name>
         <load_address>0x2c85</load_address>
         <run_address>0x2c85</run_address>
         <size>0x75</size>
         <input_file_ref idref="fl-1e"/>
      </object_component>
      <object_component id="oc-1ca">
         <name>.debug_line</name>
         <load_address>0x2cfa</load_address>
         <run_address>0x2cfa</run_address>
         <size>0x75</size>
         <input_file_ref idref="fl-1e"/>
      </object_component>
      <object_component id="oc-3b">
         <name>.debug_line</name>
         <load_address>0x2d6f</load_address>
         <run_address>0x2d6f</run_address>
         <size>0x4b</size>
         <input_file_ref idref="fl-1f"/>
      </object_component>
      <object_component id="oc-f1">
         <name>.debug_line</name>
         <load_address>0x2dba</load_address>
         <run_address>0x2dba</run_address>
         <size>0x125</size>
         <input_file_ref idref="fl-21"/>
      </object_component>
      <object_component id="oc-1d8">
         <name>.debug_line</name>
         <load_address>0x2edf</load_address>
         <run_address>0x2edf</run_address>
         <size>0x125</size>
         <input_file_ref idref="fl-22"/>
      </object_component>
      <object_component id="oc-87">
         <name>.debug_line</name>
         <load_address>0x3004</load_address>
         <run_address>0x3004</run_address>
         <size>0xc46</size>
         <input_file_ref idref="fl-22"/>
      </object_component>
      <object_component id="oc-1d">
         <name>.debug_line</name>
         <load_address>0x3c4a</load_address>
         <run_address>0x3c4a</run_address>
         <size>0xf3</size>
         <input_file_ref idref="fl-23"/>
      </object_component>
      <object_component id="oc-77">
         <name>.debug_line</name>
         <load_address>0x3d3d</load_address>
         <run_address>0x3d3d</run_address>
         <size>0x50</size>
         <input_file_ref idref="fl-23"/>
      </object_component>
      <object_component id="oc-154">
         <name>.debug_line</name>
         <load_address>0x3d8d</load_address>
         <run_address>0x3d8d</run_address>
         <size>0xc6</size>
         <input_file_ref idref="fl-24"/>
      </object_component>
      <object_component id="oc-a4">
         <name>.debug_line</name>
         <load_address>0x3e53</load_address>
         <run_address>0x3e53</run_address>
         <size>0x37</size>
         <input_file_ref idref="fl-24"/>
      </object_component>
      <object_component id="oc-42">
         <name>.debug_line</name>
         <load_address>0x3e8a</load_address>
         <run_address>0x3e8a</run_address>
         <size>0x177</size>
         <input_file_ref idref="fl-24"/>
      </object_component>
      <object_component id="oc-44">
         <name>.debug_line</name>
         <load_address>0x4001</load_address>
         <run_address>0x4001</run_address>
         <size>0x8a</size>
         <input_file_ref idref="fl-24"/>
      </object_component>
      <object_component id="oc-17b">
         <name>.debug_line</name>
         <load_address>0x408b</load_address>
         <run_address>0x408b</run_address>
         <size>0x37</size>
         <input_file_ref idref="fl-24"/>
      </object_component>
      <object_component id="oc-194">
         <name>.debug_line</name>
         <load_address>0x40c2</load_address>
         <run_address>0x40c2</run_address>
         <size>0x176</size>
         <input_file_ref idref="fl-25"/>
      </object_component>
      <object_component id="oc-7d">
         <name>.debug_line</name>
         <load_address>0x4238</load_address>
         <run_address>0x4238</run_address>
         <size>0x232</size>
         <input_file_ref idref="fl-25"/>
      </object_component>
      <object_component id="oc-54">
         <name>.debug_line</name>
         <load_address>0x446a</load_address>
         <run_address>0x446a</run_address>
         <size>0x88</size>
         <input_file_ref idref="fl-2b"/>
      </object_component>
      <object_component id="oc-254">
         <name>.debug_line</name>
         <load_address>0x44f2</load_address>
         <run_address>0x44f2</run_address>
         <size>0xbf</size>
         <input_file_ref idref="fl-2e"/>
      </object_component>
      <object_component id="oc-102">
         <name>.debug_line</name>
         <load_address>0x45b1</load_address>
         <run_address>0x45b1</run_address>
         <size>0x75</size>
         <input_file_ref idref="fl-2e"/>
      </object_component>
      <object_component id="oc-258">
         <name>.debug_line</name>
         <load_address>0x4626</load_address>
         <run_address>0x4626</run_address>
         <size>0x2e</size>
         <input_file_ref idref="fl-2e"/>
      </object_component>
      <object_component id="oc-2a1">
         <name>.debug_line</name>
         <load_address>0x4654</load_address>
         <run_address>0x4654</run_address>
         <size>0x9a</size>
         <input_file_ref idref="fl-2e"/>
      </object_component>
      <object_component id="oc-25d">
         <name>.debug_line</name>
         <load_address>0x46ee</load_address>
         <run_address>0x46ee</run_address>
         <size>0x97</size>
         <input_file_ref idref="fl-2e"/>
      </object_component>
      <object_component id="oc-262">
         <name>.debug_line</name>
         <load_address>0x4785</load_address>
         <run_address>0x4785</run_address>
         <size>0x93</size>
         <input_file_ref idref="fl-2e"/>
      </object_component>
      <object_component id="oc-18c">
         <name>.debug_line</name>
         <load_address>0x4818</load_address>
         <run_address>0x4818</run_address>
         <size>0x92</size>
         <input_file_ref idref="fl-30"/>
      </object_component>
      <object_component id="oc-64">
         <name>.debug_line</name>
         <load_address>0x48aa</load_address>
         <run_address>0x48aa</run_address>
         <size>0x4c</size>
         <input_file_ref idref="fl-30"/>
      </object_component>
      <object_component id="oc-d1">
         <name>.debug_line</name>
         <load_address>0x48f6</load_address>
         <run_address>0x48f6</run_address>
         <size>0x34</size>
         <input_file_ref idref="fl-30"/>
      </object_component>
      <object_component id="oc-cc">
         <name>.debug_line</name>
         <load_address>0x492a</load_address>
         <run_address>0x492a</run_address>
         <size>0x20</size>
         <input_file_ref idref="fl-31"/>
      </object_component>
      <object_component id="oc-19">
         <name>.debug_line</name>
         <load_address>0x494a</load_address>
         <run_address>0x494a</run_address>
         <size>0x58</size>
         <input_file_ref idref="fl-31"/>
      </object_component>
      <object_component id="oc-5c">
         <name>.debug_line</name>
         <load_address>0x49a2</load_address>
         <run_address>0x49a2</run_address>
         <size>0x3a</size>
         <input_file_ref idref="fl-31"/>
      </object_component>
      <object_component id="oc-c9">
         <name>.debug_line</name>
         <load_address>0x49dc</load_address>
         <run_address>0x49dc</run_address>
         <size>0x92</size>
         <input_file_ref idref="fl-31"/>
      </object_component>
      <object_component id="oc-185">
         <name>.debug_line</name>
         <load_address>0x4a6e</load_address>
         <run_address>0x4a6e</run_address>
         <size>0x20</size>
         <input_file_ref idref="fl-32"/>
      </object_component>
      <object_component id="oc-11">
         <name>.debug_line</name>
         <load_address>0x4a8e</load_address>
         <run_address>0x4a8e</run_address>
         <size>0xb2</size>
         <input_file_ref idref="fl-32"/>
      </object_component>
      <object_component id="oc-4c">
         <name>.debug_line</name>
         <load_address>0x4b40</load_address>
         <run_address>0x4b40</run_address>
         <size>0x3a</size>
         <input_file_ref idref="fl-32"/>
      </object_component>
      <object_component id="oc-182">
         <name>.debug_line</name>
         <load_address>0x4b7a</load_address>
         <run_address>0x4b7a</run_address>
         <size>0x9a</size>
         <input_file_ref idref="fl-32"/>
      </object_component>
      <object_component id="oc-c2">
         <name>.debug_line</name>
         <load_address>0x4c14</load_address>
         <run_address>0x4c14</run_address>
         <size>0x96</size>
         <input_file_ref idref="fl-32"/>
      </object_component>
      <object_component id="oc-13c">
         <name>.debug_line</name>
         <load_address>0x4caa</load_address>
         <run_address>0x4caa</run_address>
         <size>0x3c</size>
         <input_file_ref idref="fl-33"/>
      </object_component>
      <object_component id="oc-239">
         <name>.debug_abbrev</name>
         <load_address>0x0</load_address>
         <run_address>0x0</run_address>
         <size>0x76</size>
         <input_file_ref idref="fl-2"/>
      </object_component>
      <object_component id="oc-197">
         <name>.debug_abbrev</name>
         <load_address>0x76</load_address>
         <run_address>0x76</run_address>
         <size>0x5a</size>
         <input_file_ref idref="fl-2"/>
      </object_component>
      <object_component id="oc-157">
         <name>.debug_abbrev</name>
         <load_address>0xd0</load_address>
         <run_address>0xd0</run_address>
         <size>0x69</size>
         <input_file_ref idref="fl-2"/>
      </object_component>
      <object_component id="oc-a0">
         <name>.debug_abbrev</name>
         <load_address>0x139</load_address>
         <run_address>0x139</run_address>
         <size>0x5a</size>
         <input_file_ref idref="fl-2"/>
      </object_component>
      <object_component id="oc-b6">
         <name>.debug_abbrev</name>
         <load_address>0x193</load_address>
         <run_address>0x193</run_address>
         <size>0x1f</size>
         <input_file_ref idref="fl-2"/>
      </object_component>
      <object_component id="oc-b1">
         <name>.debug_abbrev</name>
         <load_address>0x1b2</load_address>
         <run_address>0x1b2</run_address>
         <size>0x7c</size>
         <input_file_ref idref="fl-2"/>
      </object_component>
      <object_component id="oc-233">
         <name>.debug_abbrev</name>
         <load_address>0x22e</load_address>
         <run_address>0x22e</run_address>
         <size>0x5c</size>
         <input_file_ref idref="fl-2"/>
      </object_component>
      <object_component id="oc-150">
         <name>.debug_abbrev</name>
         <load_address>0x28a</load_address>
         <run_address>0x28a</run_address>
         <size>0x24</size>
         <input_file_ref idref="fl-2"/>
      </object_component>
      <object_component id="oc-bb">
         <name>.debug_abbrev</name>
         <load_address>0x2ae</load_address>
         <run_address>0x2ae</run_address>
         <size>0x55</size>
         <input_file_ref idref="fl-2"/>
      </object_component>
      <object_component id="oc-23d">
         <name>.debug_abbrev</name>
         <load_address>0x303</load_address>
         <run_address>0x303</run_address>
         <size>0x7a</size>
         <input_file_ref idref="fl-2"/>
      </object_component>
      <object_component id="oc-175">
         <name>.debug_abbrev</name>
         <load_address>0x37d</load_address>
         <run_address>0x37d</run_address>
         <size>0x4b</size>
         <input_file_ref idref="fl-2"/>
      </object_component>
      <object_component id="oc-268">
         <name>.debug_abbrev</name>
         <load_address>0x3c8</load_address>
         <run_address>0x3c8</run_address>
         <size>0x91</size>
         <input_file_ref idref="fl-3"/>
      </object_component>
      <object_component id="oc-266">
         <name>.debug_abbrev</name>
         <load_address>0x459</load_address>
[...]
      </symbol>
      <symbol id="sm-385">
         <name>_coreGetAuxiliaryDataFault_</name>
         <value>0x6550</value>
         <object_component_ref idref="oc-6b"/>
      </symbol>
      <symbol id="sm-386">
         <name>_enable_interrupt_</name>
         <value>0x6590</value>
         <object_component_ref idref="oc-6b"/>
      </symbol>
      <symbol id="sm-387">
         <name>_coreClearAuxiliaryInstructionFault_</name>
         <value>0x656c</value>
         <object_component_ref idref="oc-6b"/>
      </symbol>
      <symbol id="sm-388">
         <name>_coreDisableRamEcc_</name>
         <value>0x64bc</value>
         <object_component_ref idref="oc-6b"/>
      </symbol>
      <symbol id="sm-389">
         <name>_coreGetDataFaultAddress_</name>
         <value>0x6528</value>
         <object_component_ref idref="oc-6b"/>
      </symbol>
      <symbol id="sm-38a">
         <name>_coreClearInstructionFault_</name>
         <value>0x651c</value>
         <object_component_ref idref="oc-6b"/>
      </symbol>
      <symbol id="sm-38b">
         <name>_getCPSRValue_</name>
         <value>0x6454</value>
         <object_component_ref idref="oc-6b"/>
      </symbol>
      <symbol id="sm-38c">
         <name>__TI_PINIT_Limit</name>
         <value>0x6644</value>
         <object_component_ref idref="oc-6b"/>
      </symbol>
      <symbol id="sm-38d">
         <name>_coreEnableFlashEcc_</name>
         <value>0x64cc</value>
         <object_component_ref idref="oc-6b"/>
      </symbol>
      <symbol id="sm-38e">
         <name>_disable_FIQ_interrupt_</name>
         <value>0x6580</value>
         <object_component_ref idref="oc-6b"/>
      </symbol>
      <symbol id="sm-38f">
         <name>_coreGetAuxiliaryInstructionFault_</name>
         <value>0x6564</value>
         <object_component_ref idref="oc-6b"/>
      </symbol>
      <symbol id="sm-390">
         <name>_coreInitStackPointer_</name>
         <value>0x6408</value>
         <object_component_ref idref="oc-6b"/>
      </symbol>
      <symbol id="sm-391">
         <name>_esmCcmErrorsClear_</name>
         <value>0x6598</value>
         <object_component_ref idref="oc-6b"/>
      </symbol>
      <symbol id="sm-392">
         <name>_gotoCPUIdle_</name>
         <value>0x645c</value>
         <object_component_ref idref="oc-6b"/>
      </symbol>
      <symbol id="sm-393">
         <name>_coreEnableIrqVicOffset_</name>
         <value>0x64f0</value>
         <object_component_ref idref="oc-6b"/>
      </symbol>
      <symbol id="sm-394">
         <name>_coreGetInstructionFault_</name>
         <value>0x6514</value>
         <object_component_ref idref="oc-6b"/>
      </symbol>
      <symbol id="sm-395">
         <name>_coreEnableVfp_</name>
         <value>0x6474</value>
         <object_component_ref idref="oc-6b"/>
      </symbol>
      <symbol id="sm-396">
         <name>_coreClearAuxiliaryDataFault_</name>
         <value>0x6558</value>
         <object_component_ref idref="oc-6b"/>
      </symbol>
      <symbol id="sm-397">
         <name>_coreEnableEventBusExport_</name>
         <value>0x648c</value>
         <object_component_ref idref="oc-6b"/>
      </symbol>
      <symbol id="sm-3a4">
         <name>resetEntry</name>
         <value>0x0</value>
         <object_component_ref idref="oc-31"/>
      </symbol>
      <symbol id="sm-3cd">
         <name>data</name>
         <value>0x8001500</value>
      </symbol>
      <symbol id="sm-3ce">
         <name>canMessageNotification</name>
         <value>0x7034</value>
         <object_component_ref idref="oc-8f"/>
      </symbol>
      <symbol id="sm-3cf">
         <name>main</name>
         <value>0x7024</value>
         <object_component_ref idref="oc-8f"/>
      </symbol>
      <symbol id="sm-3d0">
         <name>byte_count</name>
         <value>0x8001564</value>
         <object_component_ref idref="oc-137"/>
      </symbol>
      <symbol id="sm-3d1">
         <name>byte</name>
         <value>0x800156c</value>
         <object_component_ref idref="oc-137"/>
      </symbol>
      <symbol id="sm-3d2">
         <name>tran</name>
         <value>0x70f0</value>
         <object_component_ref idref="oc-8f"/>
      </symbol>
      <symbol id="sm-3d3">
         <name>length</name>
         <value>0x8001568</value>
         <object_component_ref idref="oc-137"/>
      </symbol>
      <symbol id="sm-3ec">
         <name>phantomInterrupt</name>
         <value>0x7724</value>
         <object_component_ref idref="oc-36"/>
      </symbol>
      <symbol id="sm-3f6">
         <name>_pmuResetCounters_</name>
         <value>0x7554</value>
         <object_component_ref idref="oc-f0"/>
      </symbol>
      <symbol id="sm-3f7">
         <name>_pmuGetEventCount_</name>
         <value>0x7588</value>
         <object_component_ref idref="oc-f0"/>
      </symbol>
      <symbol id="sm-3f8">
         <name>_pmuResetEventCounters_</name>
         <value>0x7544</value>
         <object_component_ref idref="oc-f0"/>
      </symbol>
      <symbol id="sm-3f9">
         <name>_pmuStopCounters_</name>
         <value>0x756c</value>
         <object_component_ref idref="oc-f0"/>
      </symbol>
      <symbol id="sm-3fa">
         <name>_pmuInit_</name>
         <value>0x74c8</value>
         <object_component_ref idref="oc-f0"/>
      </symbol>
      <symbol id="sm-3fb">
         <name>_pmuGetOverflow_</name>
         <value>0x7594</value>
         <object_component_ref idref="oc-f0"/>
      </symbol>
      <symbol id="sm-3fc">
         <name>_pmuResetCycleCounter_</name>
         <value>0x7534</value>
         <object_component_ref idref="oc-f0"/>
      </symbol>
      <symbol id="sm-3fd">
         <name>_pmuSetCountEvent_</name>
         <value>0x7574</value>
         <object_component_ref idref="oc-f0"/>
      </symbol>
      <symbol id="sm-3fe">
         <name>_pmuGetCycleCount_</name>
         <value>0x7580</value>
         <object_component_ref idref="oc-f0"/>
      </symbol>
      <symbol id="sm-3ff">
         <name>_pmuEnableCountersGlobal_</name>
         <value>0x7514</value>
         <object_component_ref idref="oc-f0"/>
      </symbol>
      <symbol id="sm-400">
         <name>_pmuDisableCountersGlobal_</name>
         <value>0x7524</value>
         <object_component_ref idref="oc-f0"/>
      </symbol>
      <symbol id="sm-401">
         <name>_pmuStartCounters_</name>
         <value>0x7564</value>
         <object_component_ref idref="oc-f0"/>
      </symbol>
      <symbol id="sm-5c1">
         <name>pbistSelfCheck</name>
         <value>0x2cc</value>
         <object_component_ref idref="oc-82"/>
      </symbol>
      <symbol id="sm-5c2">
         <name>fmcBus1ParityCheck</name>
         <value>0x22c4</value>
         <object_component_ref idref="oc-82"/>
      </symbol>
      <symbol id="sm-5c3">
         <name>can1ParityCheck</name>
         <value>0x1410</value>
         <object_component_ref idref="oc-82"/>
      </symbol>
      <symbol id="sm-5c4">
         <name>enableParity</name>
         <value>0x2ad0</value>
         <object_component_ref idref="oc-82"/>
      </symbol>
      <symbol id="sm-5c5">
         <name>dmaParityCheck</name>
         <value>0xeac</value>
         <object_component_ref idref="oc-82"/>
      </symbol>
      <symbol id="sm-5c6">
         <name>custom_dabort</name>
         <value>0xdf4</value>
         <object_component_ref idref="oc-82"/>
      </symbol>
      <symbol id="sm-5c7">
         <name>memoryInit</name>
         <value>0x174</value>
         <object_component_ref idref="oc-82"/>
      </symbol>
      <symbol id="sm-5c8">
         <name>stcSelfCheck</name>
         <value>0x1b8</value>
         <object_component_ref idref="oc-82"/>
      </symbol>
      <symbol id="sm-5c9">
         <name>efcGetConfigValue</name>
         <value>0x2660</value>
         <object_component_ref idref="oc-82"/>
      </symbol>
      <symbol id="sm-5ca">
         <name>can2ParityCheck</name>
         <value>0x14e8</value>
         <object_component_ref idref="oc-82"/>
      </symbol>
      <symbol id="sm-5cb">
         <name>het1ParityCheck</name>
         <value>0xf58</value>
         <object_component_ref idref="oc-82"/>
      </symbol>
      <symbol id="sm-5cc">
         <name>adc1ParityCheck</name>
         <value>0x126c</value>
         <object_component_ref idref="oc-82"/>
      </symbol>
      <symbol id="sm-5cd">
         <name>checkefcSelfTest</name>
         <value>0x7bc</value>
         <object_component_ref idref="oc-82"/>
      </symbol>
      <symbol id="sm-5ce">
         <name>checkRAMECC</name>
         <value>0x19d0</value>
         <object_component_ref idref="oc-82"/>
      </symbol>
      <symbol id="sm-5cf">
         <name>stcSelfCheckFail</name>
         <value>0xdf8</value>
         <object_component_ref idref="oc-82"/>
      </symbol>
      <symbol id="sm-5d0">
         <name>ccmSelfCheck</name>
         <value>0x30</value>
         <object_component_ref idref="oc-82"/>
      </symbol>
      <symbol id="sm-5d1">
         <name>efcCheck</name>
         <value>0x660</value>
         <object_component_ref idref="oc-82"/>
      </symbol>
      <symbol id="sm-5d2">
         <name>het2ParityCheck</name>
         <value>0x10c0</value>
         <object_component_ref idref="oc-82"/>
      </symbol>
      <symbol id="sm-5d3">
         <name>adc2ParityCheck</name>
         <value>0x1358</value>
         <object_component_ref idref="oc-82"/>
      </symbol>
      <symbol id="sm-5d4">
         <name>cpuSelfTest</name>
         <value>0x234</value>
         <object_component_ref idref="oc-82"/>
      </symbol>
      <symbol id="sm-5d5">
         <name>htu1ParityCheck</name>
         <value>0x1004</value>
         <object_component_ref idref="oc-82"/>
      </symbol>
      <symbol id="sm-5d6">
         <name>checkFlashECC</name>
         <value>0xd18</value>
         <object_component_ref idref="oc-82"/>
      </symbol>
      <symbol id="sm-5d7">
         <name>cpuSelfTestFail</name>
         <value>0xdfc</value>
         <object_component_ref idref="oc-82"/>
      </symbol>
      <symbol id="sm-5d8">
         <name>checkPLL1Slip</name>
         <value>0x1e8c</value>
         <object_component_ref idref="oc-82"/>
      </symbol>
      <symbol id="sm-5d9">
         <name>mibspi1ParityCheck</name>
         <value>0x1684</value>
         <object_component_ref idref="oc-82"/>
      </symbol>
      <symbol id="sm-5da">
         <name>ccmr4GetConfigValue</name>
         <value>0x26fc</value>
         <object_component_ref idref="oc-82"/>
      </symbol>
      <symbol id="sm-5db">
         <name>htu2ParityCheck</name>
         <value>0x11bc</value>
         <object_component_ref idref="oc-82"/>
      </symbol>
      <symbol id="sm-5dc">
         <name>pbistPortTestStatus</name>
         <value>0x608</value>
         <object_component_ref idref="oc-82"/>
      </symbol>
      <symbol id="sm-5dd">
         <name>checkFlashEEPROMECC</name>
         <value>0x1cf4</value>
         <object_component_ref idref="oc-82"/>
      </symbol>
      <symbol id="sm-5de">
         <name>pbistGetConfigValue</name>
         <value>0x2470</value>
         <object_component_ref idref="oc-82"/>
      </symbol>
      <symbol id="sm-5df">
         <name>vimParityCheck</name>
         <value>0xe00</value>
         <object_component_ref idref="oc-82"/>
      </symbol>
      <symbol id="sm-5e0">
         <name>pbistIsTestCompleted</name>
         <value>0x5a8</value>
         <object_component_ref idref="oc-82"/>
      </symbol>
      <symbol id="sm-5e1">
         <name>disableParity</name>
         <value>0x2b58</value>
         <object_component_ref idref="oc-82"/>
      </symbol>
      <symbol id="sm-5e2">
         <name>pbistRun</name>
         <value>0x4ac</value>
         <object_component_ref idref="oc-82"/>
      </symbol>
      <symbol id="sm-5e3">
         <name>pbistFail</name>
         <value>0x23ec</value>
         <object_component_ref idref="oc-82"/>
      </symbol>
      <symbol id="sm-5e4">
         <name>selftestFailNotification</name>
         <value>0x20</value>
         <object_component_ref idref="oc-82"/>
      </symbol>
      <symbol id="sm-5e5">
         <name>errata_PBIST_4</name>
         <value>0x276c</value>
         <object_component_ref idref="oc-82"/>
      </symbol>
      <symbol id="sm-5e6">
         <name>mibspi3ParityCheck</name>
         <value>0x178c</value>
         <object_component_ref idref="oc-82"/>
      </symbol>
      <symbol id="sm-5e7">
         <name>efcSelfTest</name>
         <value>0x794</value>
         <object_component_ref idref="oc-82"/>
      </symbol>
      <symbol id="sm-5e8">
         <name>checkB1RAMECC</name>
         <value>0xb28</value>
         <object_component_ref idref="oc-82"/>
      </symbol>
      <symbol id="sm-5e9">
         <name>pbistStop</name>
         <value>0x578</value>
         <object_component_ref idref="oc-82"/>
      </symbol>
      <symbol id="sm-5ea">
         <name>can3ParityCheck</name>
         <value>0x15b0</value>
         <object_component_ref idref="oc-82"/>
      </symbol>
      <symbol id="sm-5eb">
         <name>checkRAMAddrParity</name>
         <value>0x2050</value>
         <object_component_ref idref="oc-82"/>
      </symbol>
      <symbol id="sm-5ec">
         <name>mibspi5ParityCheck</name>
         <value>0x18b0</value>
         <object_component_ref idref="oc-82"/>
      </symbol>
      <symbol id="sm-5ed">
         <name>checkB0RAMECC</name>
         <value>0x938</value>
         <object_component_ref idref="oc-82"/>
      </symbol>
      <symbol id="sm-5ee">
         <name>stcGetConfigValue</name>
         <value>0x25bc</value>
         <object_component_ref idref="oc-82"/>
      </symbol>
      <symbol id="sm-5ef">
         <name>pbistIsTestPassed</name>
         <value>0x5d4</value>
         <object_component_ref idref="oc-82"/>
      </symbol>
      <symbol id="sm-5f0">
         <name>checkClockMonitor</name>
         <value>0x1c18</value>
         <object_component_ref idref="oc-82"/>
      </symbol>
      <symbol id="sm-5f1">
         <name>fmcECCcheck</name>
         <value>0x898</value>
         <object_component_ref idref="oc-82"/>
      </symbol>
      <symbol id="sm-5f2">
         <name>fmcBus2Check</name>
         <value>0x85c</value>
         <object_component_ref idref="oc-82"/>
      </symbol>
      <symbol id="sm-5f3">
         <name>checkRAMUERRTest</name>
         <value>0x215c</value>
         <object_component_ref idref="oc-82"/>
      </symbol>
      <symbol id="sm-5f4">
         <name>efcStuckZeroTest</name>
         <value>0x6e8</value>
         <object_component_ref idref="oc-82"/>
      </symbol>
      <symbol id="sm-5f5">
         <name>checkPLL2Slip</name>
         <value>0x1f8c</value>
         <object_component_ref idref="oc-82"/>
      </symbol>
      <symbol id="sm-629">
         <name>_c_int00</name>
         <value>0x6928</value>
         <object_component_ref idref="oc-1c"/>
      </symbol>
      <symbol id="sm-62a">
         <name>handlePLLLockFail</name>
         <value>0x7728</value>
         <object_component_ref idref="oc-76"/>
      </symbol>
      <symbol id="sm-6c2">
         <name>vimChannelMap</name>
         <value>0x48d4</value>
         <object_component_ref idref="oc-3d"/>
      </symbol>
      <symbol id="sm-6c3">
         <name>vimInit</name>
         <value>0x4800</value>
         <object_component_ref idref="oc-3d"/>
      </symbol>
      <symbol id="sm-6c4">
         <name>vimEnableInterrupt</name>
         <value>0x4978</value>
         <object_component_ref idref="oc-3d"/>
      </symbol>
      <symbol id="sm-6c5">
         <name>vimDisableInterrupt</name>
         <value>0x4ad0</value>
         <object_component_ref idref="oc-3d"/>
      </symbol>
      <symbol id="sm-6c6">
         <name>vimGetConfigValue</name>
         <value>0x4b54</value>
         <object_component_ref idref="oc-3d"/>
      </symbol>
      <symbol id="sm-6c7">
         <name>vimParityErrorHandler</name>
         <value>0x6bcc</value>
         <object_component_ref idref="oc-3c"/>
      </symbol>
      <symbol id="sm-722">
         <name>systemGetConfigValue</name>
         <value>0x4028</value>
         <object_component_ref idref="oc-7c"/>
      </symbol>
      <symbol id="sm-723">
         <name>trimLPO</name>
         <value>0x3cf8</value>
         <object_component_ref idref="oc-7c"/>
      </symbol>
      <symbol id="sm-724">
         <name>systemInit</name>
         <value>0x3f28</value>
         <object_component_ref idref="oc-7c"/>
      </symbol>
      <symbol id="sm-725">
         <name>customTrimLPO</name>
         <value>0x4724</value>
         <object_component_ref idref="oc-7c"/>
      </symbol>
      <symbol id="sm-726">
         <name>tcmflashGetConfigValue</name>
         <value>0x443c</value>
         <object_component_ref idref="oc-7c"/>
      </symbol>
      <symbol id="sm-727">
         <name>sramGetConfigValue</name>
         <value>0x45e8</value>
         <object_component_ref idref="oc-7c"/>
      </symbol>
      <symbol id="sm-728">
         <name>periphInit</name>
         <value>0x3dac</value>
         <object_component_ref idref="oc-7c"/>
      </symbol>
      <symbol id="sm-729">
         <name>setupFlash</name>
         <value>0x3d6c</value>
         <object_component_ref idref="oc-7c"/>
      </symbol>
      <symbol id="sm-72a">
         <name>setupPLL</name>
         <value>0x3c98</value>
         <object_component_ref idref="oc-7c"/>
      </symbol>
      <symbol id="sm-72b">
         <name>mapClocks</name>
         <value>0x3e00</value>
         <object_component_ref idref="oc-7c"/>
      </symbol>
      <symbol id="sm-72c">
         <name>systemPowerDown</name>
         <value>0x3ff8</value>
         <object_component_ref idref="oc-7c"/>
      </symbol>
      <symbol id="sm-748">
         <name>memcpy</name>
         <value>0x75a9</value>
         <object_component_ref idref="oc-53"/>
      </symbol>
      <symbol id="sm-749">
         <name>__aeabi_memcpy</name>
         <value>0x75a9</value>
         <object_component_ref idref="oc-53"/>
      </symbol>
      <symbol id="sm-74a">
         <name>__aeabi_memcpy8</name>
         <value>0x75a9</value>
         <object_component_ref idref="oc-53"/>
      </symbol>
      <symbol id="sm-74b">
         <name>__aeabi_memcpy4</name>
         <value>0x75a9</value>
         <object_component_ref idref="oc-53"/>
      </symbol>
      <symbol id="sm-775">
         <name>__TI_auto_init_nobinit_nopinit</name>
         <value>0x76b1</value>
         <object_component_ref idref="oc-fe"/>
      </symbol>
      <symbol id="sm-78a">
         <name>__TI_zero_init_nomemset</name>
         <value>0x76f5</value>
         <object_component_ref idref="oc-5f"/>
      </symbol>
      <symbol id="sm-7a1">
         <name>__TI_decompress_none</name>
         <value>0x7711</value>
         <object_component_ref idref="oc-15"/>
      </symbol>
      <symbol id="sm-7c4">
         <name>__TI_decompress_lzss</name>
         <value>0x7645</value>
         <object_component_ref idref="oc-f"/>
      </symbol>
      <symbol id="sm-7cf">
         <name>C$$EXIT</name>
         <value>0x771f</value>
         <object_component_ref idref="oc-13b"/>
      </symbol>
      <symbol id="sm-7d0">
         <name>abort</name>
         <value>0x771f</value>
         <object_component_ref idref="oc-13b"/>
      </symbol>
      <symbol id="sm-7d3">
         <name>__TI_static_base__</name>
         <value>0x0</value>
      </symbol>
      <symbol id="sm-7d6">
         <name>SHT$$INIT_ARRAY$$Base</name>
         <value>0x0</value>
      </symbol>
      <symbol id="sm-7d7">
         <name>SHT$$INIT_ARRAY$$Limit</name>
         <value>0x0</value>
      </symbol>
      <symbol id="sm-7d8">
         <name>_system_post_cinit</name>
         <value>0x0</value>
      </symbol>
   </symbol_table>
   <title>Link successful</title>
</link_info>
