******************************************************************************
                  TI ARM Linker PC v20.2.7                     
******************************************************************************
>> Linked Thu Mar  9 10:42:16 2023

OUTPUT FILE NAME:   <Can Reception interrupt.out>
ENTRY POINT SYMBOL: "_c_int00"  address: 00006928


MEMORY CONFIGURATION

         name            origin    length      used     unused   attr    fill
----------------------  --------  ---------  --------  --------  ----  --------
  VECTORS               00000000   00000020  00000020  00000000     X
  FLASH0                00000020   0017ffe0  000078dc  00178704  R  X
  FLASH1                00180000   00180000  00000000  00180000  R  X
  STACKS                08000000   00001500  00000000  00001500  RW  
  RAM                   08001500   0003eb00  00000070  0003ea90  RW  


SEGMENT ALLOCATION MAP

run origin  load origin   length   init length attrs members
----------  ----------- ---------- ----------- ----- -------
00000000    00000000    00007900   00007900    r-x
  00000000    00000000    00000020   00000020    r-x .intvecs
  00000020    00000020    0000770c   0000770c    r-x .text
  0000772c    0000772c    000001a0   000001a0    r-- .const
  000078d0    000078d0    00000030   00000030    r-- .cinit
08001500    08001500    00000070   00000000    rw-
  08001500    08001500    00000064   00000000    rw- .bss
  08001564    08001564    0000000c   00000000    rw- .data


SECTION ALLOCATION MAP

 output                                  attributes/
section   page    origin      length       input sections
--------  ----  ----------  ----------   ----------------
.intvecs   0    00000000    00000020     
                  00000000    00000020     sys_intvecs.obj (.intvecs)

.text      0    00000020    0000770c     
                  00000020    00002cdc     sys_selftest.obj (.text)
                  00002cfc    00000f9c     can.obj (.text)
                  00003c98    00000b68     system.obj (.text)
                  00004800    0000089c     sys_vim.obj (.text)
                  0000509c    00000664     errata_SSWF021_45.obj (.text)
                  00005700    00000640     pinmux.obj (.text)
                  00005d40    000005bc     esm.obj (.text)
                  000062fc    0000034c     sys_core.obj (.text)
                  00006648    000002e0     emif.obj (.text)
                  00006928    000002a4     sys_startup.obj (.text:retain)
                  00006bcc    00000290     sys_vim.obj (.text:retain)
                  00006e5c    000001c8     notification.obj (.text)
                  00007024    000001a8     sys_main.obj (.text)
                  000071cc    00000114     esm.obj (.text:retain)
                  000072e0    00000100     can.obj (.text:retain)
                  000073e0    000000e8     dabort.obj (.text)
                  000074c8    000000e0     sys_pmu.obj (.text)
                  000075a8    0000009c     rtsv7R4_T_be_v3D16_eabi.lib : memcpy_t2.asm.obj (.text)
                  00007644    0000006c                                 : copy_decompress_lzss.c.obj (.text:decompress:lzss:__TI_decompress_lzss)
                  000076b0    00000044                                 : autoinit.c.obj (.text:__TI_auto_init_nobinit_nopinit:__TI_auto_init_nobinit_nopinit)
                  000076f4    0000001c                                 : copy_zero_init.c.obj (.text:decompress:ZI:__TI_zero_init_nomemset:__TI_zero_init_nomemset)
                  00007710    0000000e                                 : copy_decompress_none.c.obj (.text:decompress:none:__TI_decompress_none)
                  0000771e    00000004                                 : exit.c.obj (.text:abort:abort)
                  00007722    00000002     --HOLE-- [fill = 0]
                  00007724    00000004     sys_phantom.obj (.text:retain)
                  00007728    00000004     sys_startup.obj (.text)

.const     0    0000772c    000001a0     
                  0000772c    00000180     sys_vim.obj (.const:s_vim_init)
                  000078ac    00000020     can.obj (.const:s_canByteOrder)

.cinit     0    000078d0    00000030     
                  000078d0    0000000c     (__TI_handler_table)
                  000078dc    00000004     --HOLE-- [fill = 0]
                  000078e0    00000008     (.cinit..bss.load) [load image, compression = zero_init]
                  000078e8    00000007     (.cinit..data.load) [load image, compression = lzss]
                  000078ef    00000001     --HOLE-- [fill = 0]
                  000078f0    00000010     (__TI_cinit_table)

.bss       0    08001500    00000064     UNINITIALIZED
                  08001500    00000064     (.common:data)

.data      0    08001564    0000000c     UNINITIALIZED
                  08001564    0000000c     sys_main.obj (.data)

__llvm_prf_cnts 
*          0    08001500    00000000     UNINITIALIZED

MODULE SUMMARY

       Module                       code    ro data   rw data
       ------                       ----    -------   -------
    .\source\
       sys_selftest.obj             11484   0         0      
       can.obj                      4252    32        0      
       sys_vim.obj                  2860    384       0      
       system.obj                   2920    0         0      
       esm.obj                      1744    0         0      
       errata_SSWF021_45.obj        1636    0         0      
       pinmux.obj                   1600    0         0      
       sys_core.obj                 844     0         0      
       emif.obj                     736     0         0      
       sys_startup.obj              680     0         0      
       sys_main.obj                 424     0         112    
       notification.obj             456     0         0      
       dabort.obj                   232     0         0      
       sys_pmu.obj                  224     0         0      
       sys_intvecs.obj              32      0         0      
       sys_phantom.obj              4       0         0      
    +--+----------------------------+-------+---------+---------+
       Total:                       30128   416       112    
                                                             
    C:/ti/ccs1210/ccs/tools/compiler/ti-cgt-arm_20.2.7.LTS/lib/rtsv7R4_T_be_v3D16_eabi.lib
       memcpy_t2.asm.obj            156     0         0      
       copy_decompress_lzss.c.obj   108     0         0      
       autoinit.c.obj               68      0         0      
       copy_zero_init.c.obj         28      0         0      
       copy_decompress_none.c.obj   14      0         0      
       exit.c.obj                   4       0         0      
    +--+----------------------------+-------+---------+---------+
       Total:                       378     0         0      
                                                             
       Linker Generated:            0       43        0      
    +--+----------------------------+-------+---------+---------+
       Grand Total:                 30506   459       112    


LINKER GENERATED COPY TABLES

__TI_cinit_table @ 000078f0 records: 2, size/record: 8, table size: 16
	.bss: load addr=000078e0, load size=00000008 bytes, run addr=08001500, run size=00000064 bytes, compression=zero_init
	.data: load addr=000078e8, load size=00000007 bytes, run addr=08001564, run size=0000000c bytes, compression=lzss


LINKER GENERATED HANDLER TABLE

__TI_handler_table @ 000078d0 records: 3, size/record: 4, table size: 12
	index: 0, handler: __TI_zero_init
	index: 1, handler: __TI_decompress_lzss
	index: 2, handler: __TI_decompress_none


GLOBAL SYMBOLS: SORTED ALPHABETICALLY BY Name 

address   name                                
-------   ----                                
0000771f  C$$EXIT                             
UNDEFED   SHT$$INIT_ARRAY$$Base               
UNDEFED   SHT$$INIT_ARRAY$$Limit              
000078f0  __TI_CINIT_Base                     
00007900  __TI_CINIT_Limit                    
000078d0  __TI_Handler_Table_Base             
000078dc  __TI_Handler_Table_Limit            
00006640  __TI_PINIT_Base                     
00006644  __TI_PINIT_Limit                    
000076b1  __TI_auto_init_nobinit_nopinit      
00007645  __TI_decompress_lzss                
00007711  __TI_decompress_none                
ffffffff  __TI_pprof_out_hndl                 
ffffffff  __TI_prof_data_size                 
ffffffff  __TI_prof_data_start                
00000000  __TI_static_base__                  
000076f5  __TI_zero_init_nomemset             
000075a9  __aeabi_memcpy                      
000075a9  __aeabi_memcpy4                     
000075a9  __aeabi_memcpy8                     
ffffffff  __binit__                           
ffffffff  __c_args__                          
08001500  __start___llvm_prf_cnts             
08001500  __stop___llvm_prf_cnts              
00006928  _c_int00                            
00006558  _coreClearAuxiliaryDataFault_       
0000656c  _coreClearAuxiliaryInstructionFault_
00006530  _coreClearDataFaultAddress_         
00006508  _coreClearDataFault_                
00006544  _coreClearInstructionFaultAddress_  
0000651c  _coreClearInstructionFault_         
0000649c  _coreDisableEventBusExport_         
000064e0  _coreDisableFlashEcc_               
000064bc  _coreDisableRamEcc_                 
0000648c  _coreEnableEventBusExport_          
000064cc  _coreEnableFlashEcc_                
000064f0  _coreEnableIrqVicOffset_            
000064ac  _coreEnableRamEcc_                  
00006474  _coreEnableVfp_                     
00006550  _coreGetAuxiliaryDataFault_         
00006564  _coreGetAuxiliaryInstructionFault_  
00006528  _coreGetDataFaultAddress_           
00006500  _coreGetDataFault_                  
0000653c  _coreGetInstructionFaultAddress_    
00006514  _coreGetInstructionFault_           
000062fc  _coreInitRegisters_                 
00006408  _coreInitStackPointer_              
000073e0  _dabort                             
00006580  _disable_FIQ_interrupt_             
00006588  _disable_IRQ_interrupt_             
00006578  _disable_interrupt_                 
00006590  _enable_interrupt_                  
00006620  _errata_CORTEXR4_57_                
00006630  _errata_CORTEXR4_66_                
0000509c  _errata_SSWF021_45_both_plls        
00005290  _errata_SSWF021_45_pll1             
00005408  _errata_SSWF021_45_pll2             
00006598  _esmCcmErrorsClear_                 
00006454  _getCPSRValue_                      
0000645c  _gotoCPUIdle_                       
00007524  _pmuDisableCountersGlobal_          
00007514  _pmuEnableCountersGlobal_           
00007580  _pmuGetCycleCount_                  
00007588  _pmuGetEventCount_                  
00007594  _pmuGetOverflow_                    
000074c8  _pmuInit_                           
00007554  _pmuResetCounters_                  
00007534  _pmuResetCycleCounter_              
00007544  _pmuResetEventCounters_             
00007574  _pmuSetCountEvent_                  
00007564  _pmuStartCounters_                  
0000756c  _pmuStopCounters_                   
UNDEFED   _system_post_cinit                  
0000771f  abort                               
0000126c  adc1ParityCheck                     
00001358  adc2ParityCheck                     
00006ec4  adcNotification                     
ffffffff  binit                               
0800156c  byte                                
08001564  byte_count                          
00003794  can1GetConfigValue                  
000072e0  can1HighLevelInterrupt              
00001410  can1ParityCheck                     
000038ec  can2GetConfigValue                  
000014e8  can2ParityCheck                     
00003a44  can3GetConfigValue                  
000015b0  can3ParityCheck                     
00003634  canDisableErrorNotification         
00003614  canDisableStatusChangeNotification  
0000368c  canDisableloopback                  
000035d4  canEnableErrorNotification          
000035f4  canEnableStatusChangeNotification   
00003654  canEnableloopback                   
00006ed8  canErrorNotification                
0000337c  canFillMessageObjectData            
000030a4  canGetData                          
000035b0  canGetErrorLevel                    
000031fc  canGetID                            
0000358c  canGetLastError                     
00002cfc  canInit                             
00003778  canIoRxGetBit                       
000036bc  canIoSetDirection                   
0000370c  canIoSetPort                        
0000375c  canIoTxGetBit                       
00003530  canIsMessageBoxValid                
000034d4  canIsRxMessageArrived               
00003478  canIsTxMessagePending               
00007034  canMessageNotification              
000032dc  canSendRemoteFrame                  
00006eec  canStatusChangeNotification         
00002fa8  canTransmit                         
00003264  canUpdateID                         
00000030  ccmSelfCheck                        
000026fc  ccmr4GetConfigValue                 
00000938  checkB0RAMECC                       
00000b28  checkB1RAMECC                       
00001c18  checkClockMonitor                   
00000d18  checkFlashECC                       
00001cf4  checkFlashEEPROMECC                 
00001e8c  checkPLL1Slip                       
00001f8c  checkPLL2Slip                       
00002050  checkRAMAddrParity                  
000019d0  checkRAMECC                         
0000215c  checkRAMUERRTest                    
000007bc  checkefcSelfTest                    
00000234  cpuSelfTest                         
00000dfc  cpuSelfTestFail                     
00006fdc  crcNotification                     
00004724  customTrimLPO                       
00000df4  custom_dabort                       
08001500  data                                
00006f00  dccNotification                     
00002b58  disableParity                       
00006ff0  dmaGroupANotification               
00000eac  dmaParityCheck                      
00006fb4  edgeNotification                    
00000660  efcCheck                            
00002660  efcGetConfigValue                   
00000794  efcSelfTest                         
000006e8  efcStuckZeroTest                    
00007014  emacRxNotification                  
00007004  emacTxNotification                  
00006730  emifGetConfigValue                  
0000664c  emif_ASYNC1Init                     
00006698  emif_ASYNC2Init                     
000066e4  emif_ASYNC3Init                     
00006648  emif_SDRAMInit                      
00006888  emif_SDRAM_StartupInit              
00002ad0  enableParity                        
0000276c  errata_PBIST_4                      
00005ec4  esmActivateNormalOperation          
00005f98  esmClearStatus                      
00005fd8  esmClearStatusBuffer                
00005e8c  esmDisableError                     
00005efc  esmDisableInterrupt                 
00005e64  esmEnableError                      
00005ed4  esmEnableInterrupt                  
000060d0  esmEnterSelfTest                    
00005e48  esmError                            
000061a8  esmGetConfigValue                   
00006014  esmGetStatus                        
00006098  esmGetStatusBuffer                  
00006e5c  esmGroup1Notification               
00006e6c  esmGroup2Notification               
000071cc  esmHighInterrupt                    
00005d40  esmInit                             
00006158  esmSelfTestStatus                   
00005ff4  esmSetCounterPreloadValue           
00005f24  esmSetInterruptLevel                
00005eb4  esmTriggerErrorPinReset             
000022c4  fmcBus1ParityCheck                  
0000085c  fmcBus2Check                        
00000898  fmcECCcheck                         
00006f14  gioNotification                     
00007728  handlePLLLockFail                   
00000f58  het1ParityCheck                     
000010c0  het2ParityCheck                     
00006fc8  hetNotification                     
00001004  htu1ParityCheck                     
000011bc  htu2ParityCheck                     
00006f28  i2cNotification                     
08001568  length                              
00007024  main                                
00003e00  mapClocks                           
000075a9  memcpy                              
00000174  memoryInit                          
00006e7c  memoryPort0TestFailNotification     
00006e98  memoryPort1TestFailNotification     
00001684  mibspi1ParityCheck                  
0000178c  mibspi3ParityCheck                  
000018b0  mibspi5ParityCheck                  
00006f50  mibspiGroupNotification             
00006f3c  mibspiNotification                  
00005700  muxInit                             
000023ec  pbistFail                           
00002470  pbistGetConfigValue                 
000005a8  pbistIsTestCompleted                
000005d4  pbistIsTestPassed                   
00000608  pbistPortTestStatus                 
000004ac  pbistRun                            
000002cc  pbistSelfCheck                      
00000578  pbistStop                           
00003dac  periphInit                          
00007724  phantomInterrupt                    
00005a94  pinmuxGetConfigValue                
00006f9c  pwmNotification                     
00000000  resetEntry                          
00006eb4  rtiNotification                     
00006f64  sciNotification                     
00000020  selftestFailNotification            
00003d6c  setupFlash                          
00003c98  setupPLL                            
00006f8c  spiEndNotification                  
00006f78  spiNotification                     
000045e8  sramGetConfigValue                  
000025bc  stcGetConfigValue                   
000001b8  stcSelfCheck                        
00000df8  stcSelfCheckFail                    
00004028  systemGetConfigValue                
00003f28  systemInit                          
00003ff8  systemPowerDown                     
0000443c  tcmflashGetConfigValue              
000070f0  tran                                
00003cf8  trimLPO                             
000048d4  vimChannelMap                       
00004ad0  vimDisableInterrupt                 
00004978  vimEnableInterrupt                  
00004b54  vimGetConfigValue                   
00004800  vimInit                             
00000e00  vimParityCheck                      
00006bcc  vimParityErrorHandler               


GLOBAL SYMBOLS: SORTED BY Symbol Address 

address   name                                
-------   ----                                
00000000  __TI_static_base__                  
00000000  resetEntry                          
00000020  selftestFailNotification            
00000030  ccmSelfCheck                        
00000174  memoryInit                          
000001b8  stcSelfCheck                        
00000234  cpuSelfTest                         
000002cc  pbistSelfCheck                      
000004ac  pbistRun                            
00000578  pbistStop                           
000005a8  pbistIsTestCompleted                
000005d4  pbistIsTestPassed                   
00000608  pbistPortTestStatus                 
00000660  efcCheck                            
000006e8  efcStuckZeroTest                    
00000794  efcSelfTest                         
000007bc  checkefcSelfTest                    
0000085c  fmcBus2Check                        
00000898  fmcECCcheck                         
00000938  checkB0RAMECC                       
00000b28  checkB1RAMECC                       
00000d18  checkFlashECC                       
00000df4  custom_dabort                       
00000df8  stcSelfCheckFail                    
00000dfc  cpuSelfTestFail                     
00000e00  vimParityCheck                      
00000eac  dmaParityCheck                      
00000f58  het1ParityCheck                     
00001004  htu1ParityCheck                     
000010c0  het2ParityCheck                     
000011bc  htu2ParityCheck                     
0000126c  adc1ParityCheck                     
00001358  adc2ParityCheck                     
00001410  can1ParityCheck                     
000014e8  can2ParityCheck                     
000015b0  can3ParityCheck                     
00001684  mibspi1ParityCheck                  
0000178c  mibspi3ParityCheck                  
000018b0  mibspi5ParityCheck                  
000019d0  checkRAMECC                         
00001c18  checkClockMonitor                   
00001cf4  checkFlashEEPROMECC                 
00001e8c  checkPLL1Slip                       
00001f8c  checkPLL2Slip                       
00002050  checkRAMAddrParity                  
0000215c  checkRAMUERRTest                    
000022c4  fmcBus1ParityCheck                  
000023ec  pbistFail                           
00002470  pbistGetConfigValue                 
000025bc  stcGetConfigValue                   
00002660  efcGetConfigValue                   
000026fc  ccmr4GetConfigValue                 
0000276c  errata_PBIST_4                      
00002ad0  enableParity                        
00002b58  disableParity                       
00002cfc  canInit                             
00002fa8  canTransmit                         
000030a4  canGetData                          
000031fc  canGetID                            
00003264  canUpdateID                         
000032dc  canSendRemoteFrame                  
0000337c  canFillMessageObjectData            
00003478  canIsTxMessagePending               
000034d4  canIsRxMessageArrived               
00003530  canIsMessageBoxValid                
0000358c  canGetLastError                     
000035b0  canGetErrorLevel                    
000035d4  canEnableErrorNotification          
000035f4  canEnableStatusChangeNotification   
00003614  canDisableStatusChangeNotification  
00003634  canDisableErrorNotification         
00003654  canEnableloopback                   
0000368c  canDisableloopback                  
000036bc  canIoSetDirection                   
0000370c  canIoSetPort                        
0000375c  canIoTxGetBit                       
00003778  canIoRxGetBit                       
00003794  can1GetConfigValue                  
000038ec  can2GetConfigValue                  
00003a44  can3GetConfigValue                  
00003c98  setupPLL                            
00003cf8  trimLPO                             
00003d6c  setupFlash                          
00003dac  periphInit                          
00003e00  mapClocks                           
00003f28  systemInit                          
00003ff8  systemPowerDown                     
00004028  systemGetConfigValue                
0000443c  tcmflashGetConfigValue              
000045e8  sramGetConfigValue                  
00004724  customTrimLPO                       
00004800  vimInit                             
000048d4  vimChannelMap                       
00004978  vimEnableInterrupt                  
00004ad0  vimDisableInterrupt                 
00004b54  vimGetConfigValue                   
0000509c  _errata_SSWF021_45_both_plls        
00005290  _errata_SSWF021_45_pll1             
00005408  _errata_SSWF021_45_pll2             
00005700  muxInit                             
00005a94  pinmuxGetConfigValue                
00005d40  esmInit                             
00005e48  esmError                            
00005e64  esmEnableError                      
00005e8c  esmDisableError                     
00005eb4  esmTriggerErrorPinReset             
00005ec4  esmActivateNormalOperation          
00005ed4  esmEnableInterrupt                  
00005efc  esmDisableInterrupt                 
00005f24  esmSetInterruptLevel                
00005f98  esmClearStatus                      
00005fd8  esmClearStatusBuffer                
00005ff4  esmSetCounterPreloadValue           
00006014  esmGetStatus                        
00006098  esmGetStatusBuffer                  
000060d0  esmEnterSelfTest                    
00006158  esmSelfTestStatus                   
000061a8  esmGetConfigValue                   
000062fc  _coreInitRegisters_                 
00006408  _coreInitStackPointer_              
00006454  _getCPSRValue_                      
0000645c  _gotoCPUIdle_                       
00006474  _coreEnableVfp_                     
0000648c  _coreEnableEventBusExport_          
0000649c  _coreDisableEventBusExport_         
000064ac  _coreEnableRamEcc_                  
000064bc  _coreDisableRamEcc_                 
000064cc  _coreEnableFlashEcc_                
000064e0  _coreDisableFlashEcc_               
000064f0  _coreEnableIrqVicOffset_            
00006500  _coreGetDataFault_                  
00006508  _coreClearDataFault_                
00006514  _coreGetInstructionFault_           
0000651c  _coreClearInstructionFault_         
00006528  _coreGetDataFaultAddress_           
00006530  _coreClearDataFaultAddress_         
0000653c  _coreGetInstructionFaultAddress_    
00006544  _coreClearInstructionFaultAddress_  
00006550  _coreGetAuxiliaryDataFault_         
00006558  _coreClearAuxiliaryDataFault_       
00006564  _coreGetAuxiliaryInstructionFault_  
0000656c  _coreClearAuxiliaryInstructionFault_
00006578  _disable_interrupt_                 
00006580  _disable_FIQ_interrupt_             
00006588  _disable_IRQ_interrupt_             
00006590  _enable_interrupt_                  
00006598  _esmCcmErrorsClear_                 
00006620  _errata_CORTEXR4_57_                
00006630  _errata_CORTEXR4_66_                
00006640  __TI_PINIT_Base                     
00006644  __TI_PINIT_Limit                    
00006648  emif_SDRAMInit                      
0000664c  emif_ASYNC1Init                     
00006698  emif_ASYNC2Init                     
000066e4  emif_ASYNC3Init                     
00006730  emifGetConfigValue                  
00006888  emif_SDRAM_StartupInit              
00006928  _c_int00                            
00006bcc  vimParityErrorHandler               
00006e5c  esmGroup1Notification               
00006e6c  esmGroup2Notification               
00006e7c  memoryPort0TestFailNotification     
00006e98  memoryPort1TestFailNotification     
00006eb4  rtiNotification                     
00006ec4  adcNotification                     
00006ed8  canErrorNotification                
00006eec  canStatusChangeNotification         
00006f00  dccNotification                     
00006f14  gioNotification                     
00006f28  i2cNotification                     
00006f3c  mibspiNotification                  
00006f50  mibspiGroupNotification             
00006f64  sciNotification                     
00006f78  spiNotification                     
00006f8c  spiEndNotification                  
00006f9c  pwmNotification                     
00006fb4  edgeNotification                    
00006fc8  hetNotification                     
00006fdc  crcNotification                     
00006ff0  dmaGroupANotification               
00007004  emacTxNotification                  
00007014  emacRxNotification                  
00007024  main                                
00007034  canMessageNotification              
000070f0  tran                                
000071cc  esmHighInterrupt                    
000072e0  can1HighLevelInterrupt              
000073e0  _dabort                             
000074c8  _pmuInit_                           
00007514  _pmuEnableCountersGlobal_           
00007524  _pmuDisableCountersGlobal_          
00007534  _pmuResetCycleCounter_              
00007544  _pmuResetEventCounters_             
00007554  _pmuResetCounters_                  
00007564  _pmuStartCounters_                  
0000756c  _pmuStopCounters_                   
00007574  _pmuSetCountEvent_                  
00007580  _pmuGetCycleCount_                  
00007588  _pmuGetEventCount_                  
00007594  _pmuGetOverflow_                    
000075a9  __aeabi_memcpy                      
000075a9  __aeabi_memcpy4                     
000075a9  __aeabi_memcpy8                     
000075a9  memcpy                              
00007645  __TI_decompress_lzss                
000076b1  __TI_auto_init_nobinit_nopinit      
000076f5  __TI_zero_init_nomemset             
00007711  __TI_decompress_none                
0000771f  C$$EXIT                             
0000771f  abort                               
00007724  phantomInterrupt                    
00007728  handlePLLLockFail                   
000078d0  __TI_Handler_Table_Base             
000078dc  __TI_Handler_Table_Limit            
000078f0  __TI_CINIT_Base                     
00007900  __TI_CINIT_Limit                    
08001500  __start___llvm_prf_cnts             
08001500  __stop___llvm_prf_cnts              
08001500  data                                
08001564  byte_count                          
08001568  length                              
0800156c  byte                                
ffffffff  __TI_pprof_out_hndl                 
ffffffff  __TI_prof_data_size                 
ffffffff  __TI_prof_data_start                
ffffffff  __binit__                           
ffffffff  __c_args__                          
ffffffff  binit                               
UNDEFED   SHT$$INIT_ARRAY$$Base               
UNDEFED   SHT$$INIT_ARRAY$$Limit              
UNDEFED   _system_post_cinit                  

[231 symbols]
