******************************************************************************
                  TI ARM Linker PC v20.2.7                     
******************************************************************************
>> Linked Thu Mar  9 10:36:17 2023

OUTPUT FILE NAME:   <Dcan1_Interrupt.out>
ENTRY POINT SYMBOL: "_c_int00"  address: 00007688


MEMORY CONFIGURATION

         name            origin    length      used     unused   attr    fill
----------------------  --------  ---------  --------  --------  ----  --------
  VECTORS               00000000   00000020  00000020  00000000     X
  FLASH0                00000020   0017ffe0  000086fc  001778e4  R  X
  FLASH1                00180000   00180000  00000000  00180000  R  X
  STACKS                08000000   00001500  00000000  00001500  RW  
  RAM                   08001500   0003eb00  00000108  0003e9f8  RW  


SEGMENT ALLOCATION MAP

run origin  load origin   length   init length attrs members
----------  ----------- ---------- ----------- ----- -------
00000000    00000000    00008720   00008720    r-x
  00000000    00000000    00000020   00000020    r-x .intvecs
  00000020    00000020    0000852c   0000852c    r-x .text
  0000854c    0000854c    000001a0   000001a0    r-- .const
  000086f0    000086f0    00000030   00000030    r-- .cinit
08001500    08001500    00000108   00000000    rw-
  08001500    08001500    000000f0   00000000    rw- .bss
  080015f0    080015f0    00000018   00000000    rw- .data


SECTION ALLOCATION MAP

 output                                  attributes/
section   page    origin      length       input sections
--------  ----  ----------  ----------   ----------------
.intvecs   0    00000000    00000020     
                  00000000    00000020     sys_intvecs.obj (.intvecs)

.text      0    00000020    0000852c     
                  00000020    00002cdc     sys_selftest.obj (.text)
                  00002cfc    00000f9c     can.obj (.text)
                  00003c98    00000b70     system.obj (.text)
                  00004808    00000a2c     sci.obj (.text)
                  00005234    0000089c     sys_vim.obj (.text)
                  00005ad0    00000664     errata_SSWF021_45.obj (.text)
                  00006134    00000648     pinmux.obj (.text)
                  0000677c    000005bc     esm.obj (.text)
                  00006d38    0000034c     sys_core.obj (.text)
                  00007084    00000324     sys_main.obj (.text)
                  000073a8    000002e0     emif.obj (.text)
                  00007688    000002a4     sys_startup.obj (.text:retain)
                  0000792c    00000290     sys_vim.obj (.text:retain)
                  00007bbc    000001b4     notification.obj (.text)
                  00007d70    0000019c     sci.obj (.text:retain)
                  00007f0c    00000114     esm.obj (.text:retain)
                  00008020    00000100     can.obj (.text:retain)
                  00008120    000000e8     dabort.obj (.text)
                  00008208    000000e0     rtsv7R4_T_be_v3D16_eabi.lib : s_floor.c.obj (.text:floor)
                  000082e8    000000e0     sys_pmu.obj (.text)
                  000083c8    0000009c     rtsv7R4_T_be_v3D16_eabi.lib : memcpy_t2.asm.obj (.text)
                  00008464    0000006c                                 : copy_decompress_lzss.c.obj (.text:decompress:lzss:__TI_decompress_lzss)
                  000084d0    00000044                                 : autoinit.c.obj (.text:__TI_auto_init_nobinit_nopinit:__TI_auto_init_nobinit_nopinit)
                  00008514    0000001c                                 : copy_zero_init.c.obj (.text:decompress:ZI:__TI_zero_init_nomemset:__TI_zero_init_nomemset)
                  00008530    0000000e                                 : copy_decompress_none.c.obj (.text:decompress:none:__TI_decompress_none)
                  0000853e    00000004                                 : exit.c.obj (.text:abort:abort)
                  00008542    00000002     --HOLE-- [fill = 0]
                  00008544    00000004     sys_phantom.obj (.text:retain)
                  00008548    00000004     sys_startup.obj (.text)

.const     0    0000854c    000001a0     
                  0000854c    00000180     sys_vim.obj (.const:s_vim_init)
                  000086cc    00000020     can.obj (.const:s_canByteOrder)

.cinit     0    000086f0    00000030     
                  000086f0    0000000c     (.cinit..data.load) [load image, compression = lzss]
                  000086fc    0000000c     (__TI_handler_table)
                  00008708    00000008     (.cinit..bss.load) [load image, compression = zero_init]
                  00008710    00000010     (__TI_cinit_table)

.bss       0    08001500    000000f0     UNINITIALIZED
                  08001500    00000064     (.common:data)
                  08001564    00000064     (.common:data1)
                  080015c8    00000028     sci.obj (.bss:g_sciTransfer_t)

.data      0    080015f0    00000018     UNINITIALIZED
                  080015f0    00000018     sys_main.obj (.data)

__llvm_prf_cnts 
*          0    08001500    00000000     UNINITIALIZED

MODULE SUMMARY

       Module                       code    ro data   rw data
       ------                       ----    -------   -------
    .\source\
       sys_selftest.obj             11484   0         0      
       can.obj                      4252    32        0      
       sys_vim.obj                  2860    384       0      
       sci.obj                      3016    0         40     
       system.obj                   2928    0         0      
       esm.obj                      1744    0         0      
       errata_SSWF021_45.obj        1636    0         0      
       pinmux.obj                   1608    0         0      
       sys_main.obj                 804     0         224    
       sys_core.obj                 844     0         0      
       emif.obj                     736     0         0      
       sys_startup.obj              680     0         0      
       notification.obj             436     0         0      
       dabort.obj                   232     0         0      
       sys_pmu.obj                  224     0         0      
       sys_intvecs.obj              32      0         0      
       sys_phantom.obj              4       0         0      
    +--+----------------------------+-------+---------+---------+
       Total:                       33520   416       264    
                                                             
    C:/ti/ccs1210/ccs/tools/compiler/ti-cgt-arm_20.2.7.LTS/lib/rtsv7R4_T_be_v3D16_eabi.lib
       s_floor.c.obj                224     0         0      
       memcpy_t2.asm.obj            156     0         0      
       copy_decompress_lzss.c.obj   108     0         0      
       autoinit.c.obj               68      0         0      
       copy_zero_init.c.obj         28      0         0      
       copy_decompress_none.c.obj   14      0         0      
       exit.c.obj                   4       0         0      
    +--+----------------------------+-------+---------+---------+
       Total:                       602     0         0      
                                                             
       Linker Generated:            0       48        0      
    +--+----------------------------+-------+---------+---------+
       Grand Total:                 34122   464       264    


LINKER GENERATED COPY TABLES

__TI_cinit_table @ 00008710 records: 2, size/record: 8, table size: 16
	.data: load addr=000086f0, load size=0000000c bytes, run addr=080015f0, run size=00000018 bytes, compression=lzss
	.bss: load addr=00008708, load size=00000008 bytes, run addr=08001500, run size=000000f0 bytes, compression=zero_init


LINKER GENERATED HANDLER TABLE

__TI_handler_table @ 000086fc records: 3, size/record: 4, table size: 12
	index: 0, handler: __TI_zero_init
	index: 1, handler: __TI_decompress_lzss
	index: 2, handler: __TI_decompress_none


GLOBAL SYMBOLS: SORTED ALPHABETICALLY BY Name 

address   name                                
-------   ----                                
0000853f  C$$EXIT                             
UNDEFED   SHT$$INIT_ARRAY$$Base               
UNDEFED   SHT$$INIT_ARRAY$$Limit              
00008710  __TI_CINIT_Base                     
00008720  __TI_CINIT_Limit                    
000086fc  __TI_Handler_Table_Base             
00008708  __TI_Handler_Table_Limit            
0000707c  __TI_PINIT_Base                     
00007080  __TI_PINIT_Limit                    
000084d1  __TI_auto_init_nobinit_nopinit      
00008465  __TI_decompress_lzss                
00008531  __TI_decompress_none                
ffffffff  __TI_pprof_out_hndl                 
ffffffff  __TI_prof_data_size                 
ffffffff  __TI_prof_data_start                
00000000  __TI_static_base__                  
00008515  __TI_zero_init_nomemset             
000083c9  __aeabi_memcpy                      
000083c9  __aeabi_memcpy4                     
000083c9  __aeabi_memcpy8                     
ffffffff  __binit__                           
ffffffff  __c_args__                          
08001500  __start___llvm_prf_cnts             
08001500  __stop___llvm_prf_cnts              
00007688  _c_int00                            
00006f94  _coreClearAuxiliaryDataFault_       
00006fa8  _coreClearAuxiliaryInstructionFault_
00006f6c  _coreClearDataFaultAddress_         
00006f44  _coreClearDataFault_                
00006f80  _coreClearInstructionFaultAddress_  
00006f58  _coreClearInstructionFault_         
00006ed8  _coreDisableEventBusExport_         
00006f1c  _coreDisableFlashEcc_               
00006ef8  _coreDisableRamEcc_                 
00006ec8  _coreEnableEventBusExport_          
00006f08  _coreEnableFlashEcc_                
00006f2c  _coreEnableIrqVicOffset_            
00006ee8  _coreEnableRamEcc_                  
00006eb0  _coreEnableVfp_                     
00006f8c  _coreGetAuxiliaryDataFault_         
00006fa0  _coreGetAuxiliaryInstructionFault_  
00006f64  _coreGetDataFaultAddress_           
00006f3c  _coreGetDataFault_                  
00006f78  _coreGetInstructionFaultAddress_    
00006f50  _coreGetInstructionFault_           
00006d38  _coreInitRegisters_                 
00006e44  _coreInitStackPointer_              
00008120  _dabort                             
00006fbc  _disable_FIQ_interrupt_             
00006fc4  _disable_IRQ_interrupt_             
00006fb4  _disable_interrupt_                 
00006fcc  _enable_interrupt_                  
0000705c  _errata_CORTEXR4_57_                
0000706c  _errata_CORTEXR4_66_                
00005ad0  _errata_SSWF021_45_both_plls        
00005cc4  _errata_SSWF021_45_pll1             
00005e3c  _errata_SSWF021_45_pll2             
00006fd4  _esmCcmErrorsClear_                 
00006e90  _getCPSRValue_                      
00006e98  _gotoCPUIdle_                       
00008344  _pmuDisableCountersGlobal_          
00008334  _pmuEnableCountersGlobal_           
000083a0  _pmuGetCycleCount_                  
000083a8  _pmuGetEventCount_                  
000083b4  _pmuGetOverflow_                    
000082e8  _pmuInit_                           
00008374  _pmuResetCounters_                  
00008354  _pmuResetCycleCounter_              
00008364  _pmuResetEventCounters_             
00008394  _pmuSetCountEvent_                  
00008384  _pmuStartCounters_                  
0000838c  _pmuStopCounters_                   
UNDEFED   _system_post_cinit                  
0000853f  abort                               
0000126c  adc1ParityCheck                     
00001358  adc2ParityCheck                     
00007c24  adcNotification                     
ffffffff  binit                               
080015fc  byte                                
08001600  byte_count                          
00003794  can1GetConfigValue                  
00008020  can1HighLevelInterrupt              
00001410  can1ParityCheck                     
000038ec  can2GetConfigValue                  
000014e8  can2ParityCheck                     
00003a44  can3GetConfigValue                  
000015b0  can3ParityCheck                     
00003634  canDisableErrorNotification         
00003614  canDisableStatusChangeNotification  
0000368c  canDisableloopback                  
000035d4  canEnableErrorNotification          
000035f4  canEnableStatusChangeNotification   
00003654  canEnableloopback                   
00007c38  canErrorNotification                
0000337c  canFillMessageObjectData            
000030a4  canGetData                          
000035b0  canGetErrorLevel                    
000031fc  canGetID                            
0000358c  canGetLastError                     
00002cfc  canInit                             
00003778  canIoRxGetBit                       
000036bc  canIoSetDirection                   
0000370c  canIoSetPort                        
0000375c  canIoTxGetBit                       
00003530  canIsMessageBoxValid                
000034d4  canIsRxMessageArrived               
00003478  canIsTxMessagePending               
000071dc  canMessageNotification              
000032dc  canSendRemoteFrame                  
00007c4c  canStatusChangeNotification         
00002fa8  canTransmit                         
00003264  canUpdateID                         
00000030  ccmSelfCheck                        
000026fc  ccmr4GetConfigValue                 
00000938  checkB0RAMECC                       
00000b28  checkB1RAMECC                       
00001c18  checkClockMonitor                   
00000d18  checkFlashECC                       
00001cf4  checkFlashEEPROMECC                 
00001e8c  checkPLL1Slip                       
00001f8c  checkPLL2Slip                       
00002050  checkRAMAddrParity                  
000019d0  checkRAMECC                         
0000215c  checkRAMUERRTest                    
000007bc  checkefcSelfTest                    
00000234  cpuSelfTest                         
00000dfc  cpuSelfTestFail                     
00007d28  crcNotification                     
00004724  customTrimLPO                       
00000df4  custom_dabort                       
08001500  data                                
08001564  data1                               
00007c60  dccNotification                     
00002b58  disableParity                       
00007d3c  dmaGroupANotification               
00000eac  dmaParityCheck                      
00007d00  edgeNotification                    
00000660  efcCheck                            
00002660  efcGetConfigValue                   
00000794  efcSelfTest                         
000006e8  efcStuckZeroTest                    
00007d60  emacRxNotification                  
00007d50  emacTxNotification                  
00007490  emifGetConfigValue                  
000073ac  emif_ASYNC1Init                     
000073f8  emif_ASYNC2Init                     
00007444  emif_ASYNC3Init                     
000073a8  emif_SDRAMInit                      
000075e8  emif_SDRAM_StartupInit              
00002ad0  enableParity                        
0000276c  errata_PBIST_4                      
00006900  esmActivateNormalOperation          
000069d4  esmClearStatus                      
00006a14  esmClearStatusBuffer                
000068c8  esmDisableError                     
00006938  esmDisableInterrupt                 
000068a0  esmEnableError                      
00006910  esmEnableInterrupt                  
00006b0c  esmEnterSelfTest                    
00006884  esmError                            
00006be4  esmGetConfigValue                   
00006a50  esmGetStatus                        
00006ad4  esmGetStatusBuffer                  
00007bbc  esmGroup1Notification               
00007bcc  esmGroup2Notification               
00007f0c  esmHighInterrupt                    
0000677c  esmInit                             
00006b94  esmSelfTestStatus                   
00006a30  esmSetCounterPreloadValue           
00006960  esmSetInterruptLevel                
000068f0  esmTriggerErrorPinReset             
00008209  floor                               
00008209  floorl                              
000022c4  fmcBus1ParityCheck                  
0000085c  fmcBus2Check                        
00000898  fmcECCcheck                         
00007c74  gioNotification                     
00008548  handlePLLLockFail                   
00000f58  het1ParityCheck                     
000010c0  het2ParityCheck                     
00007d14  hetNotification                     
00001004  htu1ParityCheck                     
000011bc  htu2ParityCheck                     
080015f4  i                                   
00007c88  i2cNotification                     
08001604  length                              
00007084  main                                
00003e00  mapClocks                           
000083c9  memcpy                              
00000174  memoryInit                          
00007bdc  memoryPort0TestFailNotification     
00007bf8  memoryPort1TestFailNotification     
00001684  mibspi1ParityCheck                  
0000178c  mibspi3ParityCheck                  
000018b0  mibspi5ParityCheck                  
00007cb0  mibspiGroupNotification             
00007c9c  mibspiNotification                  
00006134  muxInit                             
000023ec  pbistFail                           
00002470  pbistGetConfigValue                 
000005a8  pbistIsTestCompleted                
000005d4  pbistIsTestPassed                   
00000608  pbistPortTestStatus                 
000004ac  pbistRun                            
000002cc  pbistSelfCheck                      
00000578  pbistStop                           
00003dac  periphInit                          
00008544  phantomInterrupt                    
000064c8  pinmuxGetConfigValue                
00007ce8  pwmNotification                     
00000000  resetEntry                          
00007c14  rtiNotification                     
080015f0  rx_length                           
00004db8  sciDisableLoopback                  
00004e44  sciDisableNotification              
00004d84  sciEnableLoopback                   
00004ddc  sciEnableNotification               
00004eac  sciEnterResetState                  
00004ecc  sciExitResetState                   
00004eec  sciGetConfigValue                   
00007d70  sciHighLevelInterrupt               
00004808  sciInit                             
00004c34  sciIsIdleDetected                   
00004c18  sciIsRxReady                        
00004a98  sciIsTxReady                        
00007098  sciNotification                     
00004cac  sciReceive                          
00004c80  sciReceiveByte                      
00004c50  sciRxError                          
00004ae4  sciSend                             
00004ab4  sciSendByte                         
000049fc  sciSetBaudrate                      
000049dc  sciSetFunctional                    
00005044  scilinGetConfigValue                
00000020  selftestFailNotification            
00003d6c  setupFlash                          
00003c98  setupPLL                            
00007cd8  spiEndNotification                  
00007cc4  spiNotification                     
000045e8  sramGetConfigValue                  
000025bc  stcGetConfigValue                   
000001b8  stcSelfCheck                        
00000df8  stcSelfCheckFail                    
00004028  systemGetConfigValue                
00003f28  systemInit                          
00003ff8  systemPowerDown                     
0000443c  tcmflashGetConfigValue              
00003cf8  trimLPO                             
080015f8  tx_done                             
000072b0  utran                               
00005308  vimChannelMap                       
00005504  vimDisableInterrupt                 
000053ac  vimEnableInterrupt                  
00005588  vimGetConfigValue                   
00005234  vimInit                             
00000e00  vimParityCheck                      
0000792c  vimParityErrorHandler               


GLOBAL SYMBOLS: SORTED BY Symbol Address 

address   name                                
-------   ----                                
00000000  __TI_static_base__                  
00000000  resetEntry                          
00000020  selftestFailNotification            
00000030  ccmSelfCheck                        
00000174  memoryInit                          
000001b8  stcSelfCheck                        
00000234  cpuSelfTest                         
000002cc  pbistSelfCheck                      
000004ac  pbistRun                            
00000578  pbistStop                           
000005a8  pbistIsTestCompleted                
000005d4  pbistIsTestPassed                   
00000608  pbistPortTestStatus                 
00000660  efcCheck                            
000006e8  efcStuckZeroTest                    
00000794  efcSelfTest                         
000007bc  checkefcSelfTest                    
0000085c  fmcBus2Check                        
00000898  fmcECCcheck                         
00000938  checkB0RAMECC                       
00000b28  checkB1RAMECC                       
00000d18  checkFlashECC                       
00000df4  custom_dabort                       
00000df8  stcSelfCheckFail                    
00000dfc  cpuSelfTestFail                     
00000e00  vimParityCheck                      
00000eac  dmaParityCheck                      
00000f58  het1ParityCheck                     
00001004  htu1ParityCheck                     
000010c0  het2ParityCheck                     
000011bc  htu2ParityCheck                     
0000126c  adc1ParityCheck                     
00001358  adc2ParityCheck                     
00001410  can1ParityCheck                     
000014e8  can2ParityCheck                     
000015b0  can3ParityCheck                     
00001684  mibspi1ParityCheck                  
0000178c  mibspi3ParityCheck                  
000018b0  mibspi5ParityCheck                  
000019d0  checkRAMECC                         
00001c18  checkClockMonitor                   
00001cf4  checkFlashEEPROMECC                 
00001e8c  checkPLL1Slip                       
00001f8c  checkPLL2Slip                       
00002050  checkRAMAddrParity                  
0000215c  checkRAMUERRTest                    
000022c4  fmcBus1ParityCheck                  
000023ec  pbistFail                           
00002470  pbistGetConfigValue                 
000025bc  stcGetConfigValue                   
00002660  efcGetConfigValue                   
000026fc  ccmr4GetConfigValue                 
0000276c  errata_PBIST_4                      
00002ad0  enableParity                        
00002b58  disableParity                       
00002cfc  canInit                             
00002fa8  canTransmit                         
000030a4  canGetData                          
000031fc  canGetID                            
00003264  canUpdateID                         
000032dc  canSendRemoteFrame                  
0000337c  canFillMessageObjectData            
00003478  canIsTxMessagePending               
000034d4  canIsRxMessageArrived               
00003530  canIsMessageBoxValid                
0000358c  canGetLastError                     
000035b0  canGetErrorLevel                    
000035d4  canEnableErrorNotification          
000035f4  canEnableStatusChangeNotification   
00003614  canDisableStatusChangeNotification  
00003634  canDisableErrorNotification         
00003654  canEnableloopback                   
0000368c  canDisableloopback                  
000036bc  canIoSetDirection                   
0000370c  canIoSetPort                        
0000375c  canIoTxGetBit                       
00003778  canIoRxGetBit                       
00003794  can1GetConfigValue                  
000038ec  can2GetConfigValue                  
00003a44  can3GetConfigValue                  
00003c98  setupPLL                            
00003cf8  trimLPO                             
00003d6c  setupFlash                          
00003dac  periphInit                          
00003e00  mapClocks                           
00003f28  systemInit                          
00003ff8  systemPowerDown                     
00004028  systemGetConfigValue                
0000443c  tcmflashGetConfigValue              
000045e8  sramGetConfigValue                  
00004724  customTrimLPO                       
00004808  sciInit                             
000049dc  sciSetFunctional                    
000049fc  sciSetBaudrate                      
00004a98  sciIsTxReady                        
00004ab4  sciSendByte                         
00004ae4  sciSend                             
00004c18  sciIsRxReady                        
00004c34  sciIsIdleDetected                   
00004c50  sciRxError                          
00004c80  sciReceiveByte                      
00004cac  sciReceive                          
00004d84  sciEnableLoopback                   
00004db8  sciDisableLoopback                  
00004ddc  sciEnableNotification               
00004e44  sciDisableNotification              
00004eac  sciEnterResetState                  
00004ecc  sciExitResetState                   
00004eec  sciGetConfigValue                   
00005044  scilinGetConfigValue                
00005234  vimInit                             
00005308  vimChannelMap                       
000053ac  vimEnableInterrupt                  
00005504  vimDisableInterrupt                 
00005588  vimGetConfigValue                   
00005ad0  _errata_SSWF021_45_both_plls        
00005cc4  _errata_SSWF021_45_pll1             
00005e3c  _errata_SSWF021_45_pll2             
00006134  muxInit                             
000064c8  pinmuxGetConfigValue                
0000677c  esmInit                             
00006884  esmError                            
000068a0  esmEnableError                      
000068c8  esmDisableError                     
000068f0  esmTriggerErrorPinReset             
00006900  esmActivateNormalOperation          
00006910  esmEnableInterrupt                  
00006938  esmDisableInterrupt                 
00006960  esmSetInterruptLevel                
000069d4  esmClearStatus                      
00006a14  esmClearStatusBuffer                
00006a30  esmSetCounterPreloadValue           
00006a50  esmGetStatus                        
00006ad4  esmGetStatusBuffer                  
00006b0c  esmEnterSelfTest                    
00006b94  esmSelfTestStatus                   
00006be4  esmGetConfigValue                   
00006d38  _coreInitRegisters_                 
00006e44  _coreInitStackPointer_              
00006e90  _getCPSRValue_                      
00006e98  _gotoCPUIdle_                       
00006eb0  _coreEnableVfp_                     
00006ec8  _coreEnableEventBusExport_          
00006ed8  _coreDisableEventBusExport_         
00006ee8  _coreEnableRamEcc_                  
00006ef8  _coreDisableRamEcc_                 
00006f08  _coreEnableFlashEcc_                
00006f1c  _coreDisableFlashEcc_               
00006f2c  _coreEnableIrqVicOffset_            
00006f3c  _coreGetDataFault_                  
00006f44  _coreClearDataFault_                
00006f50  _coreGetInstructionFault_           
00006f58  _coreClearInstructionFault_         
00006f64  _coreGetDataFaultAddress_           
00006f6c  _coreClearDataFaultAddress_         
00006f78  _coreGetInstructionFaultAddress_    
00006f80  _coreClearInstructionFaultAddress_  
00006f8c  _coreGetAuxiliaryDataFault_         
00006f94  _coreClearAuxiliaryDataFault_       
00006fa0  _coreGetAuxiliaryInstructionFault_  
00006fa8  _coreClearAuxiliaryInstructionFault_
00006fb4  _disable_interrupt_                 
00006fbc  _disable_FIQ_interrupt_             
00006fc4  _disable_IRQ_interrupt_             
00006fcc  _enable_interrupt_                  
00006fd4  _esmCcmErrorsClear_                 
0000705c  _errata_CORTEXR4_57_                
0000706c  _errata_CORTEXR4_66_                
0000707c  __TI_PINIT_Base                     
00007080  __TI_PINIT_Limit                    
00007084  main                                
00007098  sciNotification                     
000071dc  canMessageNotification              
000072b0  utran                               
000073a8  emif_SDRAMInit                      
000073ac  emif_ASYNC1Init                     
000073f8  emif_ASYNC2Init                     
00007444  emif_ASYNC3Init                     
00007490  emifGetConfigValue                  
000075e8  emif_SDRAM_StartupInit              
00007688  _c_int00                            
0000792c  vimParityErrorHandler               
00007bbc  esmGroup1Notification               
00007bcc  esmGroup2Notification               
00007bdc  memoryPort0TestFailNotification     
00007bf8  memoryPort1TestFailNotification     
00007c14  rtiNotification                     
00007c24  adcNotification                     
00007c38  canErrorNotification                
00007c4c  canStatusChangeNotification         
00007c60  dccNotification                     
00007c74  gioNotification                     
00007c88  i2cNotification                     
00007c9c  mibspiNotification                  
00007cb0  mibspiGroupNotification             
00007cc4  spiNotification                     
00007cd8  spiEndNotification                  
00007ce8  pwmNotification                     
00007d00  edgeNotification                    
00007d14  hetNotification                     
00007d28  crcNotification                     
00007d3c  dmaGroupANotification               
00007d50  emacTxNotification                  
00007d60  emacRxNotification                  
00007d70  sciHighLevelInterrupt               
00007f0c  esmHighInterrupt                    
00008020  can1HighLevelInterrupt              
00008120  _dabort                             
00008209  floor                               
00008209  floorl                              
000082e8  _pmuInit_                           
00008334  _pmuEnableCountersGlobal_           
00008344  _pmuDisableCountersGlobal_          
00008354  _pmuResetCycleCounter_              
00008364  _pmuResetEventCounters_             
00008374  _pmuResetCounters_                  
00008384  _pmuStartCounters_                  
0000838c  _pmuStopCounters_                   
00008394  _pmuSetCountEvent_                  
000083a0  _pmuGetCycleCount_                  
000083a8  _pmuGetEventCount_                  
000083b4  _pmuGetOverflow_                    
000083c9  __aeabi_memcpy                      
000083c9  __aeabi_memcpy4                     
000083c9  __aeabi_memcpy8                     
000083c9  memcpy                              
00008465  __TI_decompress_lzss                
000084d1  __TI_auto_init_nobinit_nopinit      
00008515  __TI_zero_init_nomemset             
00008531  __TI_decompress_none                
0000853f  C$$EXIT                             
0000853f  abort                               
00008544  phantomInterrupt                    
00008548  handlePLLLockFail                   
000086fc  __TI_Handler_Table_Base             
00008708  __TI_Handler_Table_Limit            
00008710  __TI_CINIT_Base                     
00008720  __TI_CINIT_Limit                    
08001500  __start___llvm_prf_cnts             
08001500  __stop___llvm_prf_cnts              
08001500  data                                
08001564  data1                               
080015f0  rx_length                           
080015f4  i                                   
080015f8  tx_done                             
080015fc  byte                                
08001600  byte_count                          
08001604  length                              
ffffffff  __TI_pprof_out_hndl                 
ffffffff  __TI_prof_data_size                 
ffffffff  __TI_prof_data_start                
ffffffff  __binit__                           
ffffffff  __c_args__                          
ffffffff  binit                               
UNDEFED   SHT$$INIT_ARRAY$$Base               
UNDEFED   SHT$$INIT_ARRAY$$Limit              
UNDEFED   _system_post_cinit                  

[257 symbols]
