******************************************************************************
                  TI ARM Linker PC v20.2.7                     
******************************************************************************
>> Linked Tue Mar  7 16:50:10 2023

OUTPUT FILE NAME:   <TMS570LS3137_GIO.out>
ENTRY POINT SYMBOL: "_c_int00"  address: 000066d4


MEMORY CONFIGURATION

         name            origin    length      used     unused   attr    fill
----------------------  --------  ---------  --------  --------  ----  --------
  VECTORS               00000000   00000020  00000020  00000000     X
  FLASH0                00000020   0017ffe0  00007602  001789de  R  X
  FLASH1                00180000   00180000  00000000  00180000  R  X
  STACKS                08000000   00001500  00000000  00001500  RW  
  RAM                   08001500   0003eb00  00000000  0003eb00  RW  


SEGMENT ALLOCATION MAP

run origin  load origin   length   init length attrs members
----------  ----------- ---------- ----------- ----- -------
00000000    00000000    00007624   00007624    r-x
  00000000    00000000    00000020   00000020    r-x .intvecs
  00000020    00000020    000070c2   000070c2    r-x .text
  000070e4    000070e4    00000540   00000540    r-- .const


SECTION ALLOCATION MAP

 output                                  attributes/
section   page    origin      length       input sections
--------  ----  ----------  ----------   ----------------
.intvecs   0    00000000    00000020     
                  00000000    00000020     sys_intvecs.obj (.intvecs)

.text      0    00000020    000070c2     
                  00000020    00002cdc     sys_selftest.obj (.text)
                  00002cfc    00000b64     system.obj (.text)
                  00003860    000008f0     het.obj (.text)
                  00004150    00000898     sys_vim.obj (.text)
                  000049e8    00000664     errata_SSWF021_45.obj (.text)
                  0000504c    0000063c     pinmux.obj (.text)
                  00005688    000005bc     esm.obj (.text)
                  00005c44    00000484     gio.obj (.text)
                  000060c8    0000034c     sys_core.obj (.text)
                  00006414    000002c0     sys_main.obj (.text)
                  000066d4    000002a4     sys_startup.obj (.text:retain)
                  00006978    00000290     sys_vim.obj (.text:retain)
                  00006c08    00000114     esm.obj (.text:retain)
                  00006d1c    000000e8     dabort.obj (.text)
                  00006e04    000000e0     sys_pmu.obj (.text)
                  00006ee4    000000c0     notification.obj (.text)
                  00006fa4    0000009c     rtsv7R4_T_be_v3D16_eabi.lib : memcpy_t2.asm.obj (.text)
                  00007040    00000050                                 : u_div32.asm.obj (.text)
                  00007090    00000044                                 : autoinit.c.obj (.text:__TI_auto_init_nobinit_nopinit:__TI_auto_init_nobinit_nopinit)
                  000070d4    00000004                                 : exit.c.obj (.text:abort:abort)
                  000070d8    00000004     sys_phantom.obj (.text:retain)
                  000070dc    00000004     sys_startup.obj (.text)
                  000070e0    00000002     rtsv7R4_T_be_v3D16_eabi.lib : div0.asm.obj (.text)

.const     0    000070e4    00000540     
                  000070e4    000003a0     het.obj (.const:het1PROGRAM)
                  00007484    00000180     sys_vim.obj (.const:s_vim_init)
                  00007604    00000020     het.obj (.const:s_het1pwmPolarity)

.cinit     0    00000020    00000000     UNINITIALIZED

__llvm_prf_cnts 
*          0    08001500    00000000     UNINITIALIZED

MODULE SUMMARY

       Module                  code    ro data   rw data
       ------                  ----    -------   -------
    .\source\
       sys_selftest.obj        11484   0         0      
       het.obj                 2288    960       0      
       sys_vim.obj             2856    384       0      
       system.obj              2916    0         0      
       esm.obj                 1744    0         0      
       errata_SSWF021_45.obj   1636    0         0      
       pinmux.obj              1596    0         0      
       gio.obj                 1156    0         0      
       sys_core.obj            844     0         0      
       sys_main.obj            704     0         0      
       sys_startup.obj         680     0         0      
       dabort.obj              232     0         0      
       sys_pmu.obj             224     0         0      
       notification.obj        192     0         0      
       sys_intvecs.obj         32      0         0      
       sys_phantom.obj         4       0         0      
    +--+-----------------------+-------+---------+---------+
       Total:                  28588   1344      0      
                                                        
    C:/ti/ccs1210/ccs/tools/compiler/ti-cgt-arm_20.2.7.LTS/lib/rtsv7R4_T_be_v3D16_eabi.lib
       memcpy_t2.asm.obj       156     0         0      
       u_div32.asm.obj         80      0         0      
       autoinit.c.obj          68      0         0      
       exit.c.obj              4       0         0      
       div0.asm.obj            2       0         0      
    +--+-----------------------+-------+---------+---------+
       Total:                  310     0         0      
                                                        
    +--+-----------------------+-------+---------+---------+
       Grand Total:            28898   1344      0      


GLOBAL SYMBOLS: SORTED ALPHABETICALLY BY Name 

address   name                                
-------   ----                                
000070d5  C$$EXIT                             
UNDEFED   SHT$$INIT_ARRAY$$Base               
UNDEFED   SHT$$INIT_ARRAY$$Limit              
UNDEFED   __TI_CINIT_Base                     
UNDEFED   __TI_CINIT_Limit                    
UNDEFED   __TI_Handler_Table_Base             
UNDEFED   __TI_Handler_Table_Limit            
0000640c  __TI_PINIT_Base                     
00006410  __TI_PINIT_Limit                    
00007091  __TI_auto_init_nobinit_nopinit      
ffffffff  __TI_pprof_out_hndl                 
ffffffff  __TI_prof_data_size                 
ffffffff  __TI_prof_data_start                
00000000  __TI_static_base__                  
000070e1  __aeabi_idiv0                       
000070e1  __aeabi_ldiv0                       
00006fa5  __aeabi_memcpy                      
00006fa5  __aeabi_memcpy4                     
00006fa5  __aeabi_memcpy8                     
00007040  __aeabi_uidiv                       
00007040  __aeabi_uidivmod                    
ffffffff  __binit__                           
ffffffff  __c_args__                          
08001500  __start___llvm_prf_cnts             
08001500  __stop___llvm_prf_cnts              
000066d4  _c_int00                            
00006324  _coreClearAuxiliaryDataFault_       
00006338  _coreClearAuxiliaryInstructionFault_
000062fc  _coreClearDataFaultAddress_         
000062d4  _coreClearDataFault_                
00006310  _coreClearInstructionFaultAddress_  
000062e8  _coreClearInstructionFault_         
00006268  _coreDisableEventBusExport_         
000062ac  _coreDisableFlashEcc_               
00006288  _coreDisableRamEcc_                 
00006258  _coreEnableEventBusExport_          
00006298  _coreEnableFlashEcc_                
000062bc  _coreEnableIrqVicOffset_            
00006278  _coreEnableRamEcc_                  
00006240  _coreEnableVfp_                     
0000631c  _coreGetAuxiliaryDataFault_         
00006330  _coreGetAuxiliaryInstructionFault_  
000062f4  _coreGetDataFaultAddress_           
000062cc  _coreGetDataFault_                  
00006308  _coreGetInstructionFaultAddress_    
000062e0  _coreGetInstructionFault_           
000060c8  _coreInitRegisters_                 
000061d4  _coreInitStackPointer_              
00006d1c  _dabort                             
0000634c  _disable_FIQ_interrupt_             
00006354  _disable_IRQ_interrupt_             
00006344  _disable_interrupt_                 
0000635c  _enable_interrupt_                  
000063ec  _errata_CORTEXR4_57_                
000063fc  _errata_CORTEXR4_66_                
000049e8  _errata_SSWF021_45_both_plls        
00004bdc  _errata_SSWF021_45_pll1             
00004d54  _errata_SSWF021_45_pll2             
00006364  _esmCcmErrorsClear_                 
00006220  _getCPSRValue_                      
00006228  _gotoCPUIdle_                       
00006e60  _pmuDisableCountersGlobal_          
00006e50  _pmuEnableCountersGlobal_           
00006ebc  _pmuGetCycleCount_                  
00006ec4  _pmuGetEventCount_                  
00006ed0  _pmuGetOverflow_                    
00006e04  _pmuInit_                           
00006e90  _pmuResetCounters_                  
00006e70  _pmuResetCycleCounter_              
00006e80  _pmuResetEventCounters_             
00006eb0  _pmuSetCountEvent_                  
00006ea0  _pmuStartCounters_                  
00006ea8  _pmuStopCounters_                   
UNDEFED   _system_post_cinit                  
000070d5  abort                               
0000126c  adc1ParityCheck                     
00001358  adc2ParityCheck                     
ffffffff  binit                               
00001410  can1ParityCheck                     
000014e8  can2ParityCheck                     
000015b0  can3ParityCheck                     
00003e6c  capGetSignal                        
00000030  ccmSelfCheck                        
000026fc  ccmr4GetConfigValue                 
00000938  checkB0RAMECC                       
00000b28  checkB1RAMECC                       
00001c18  checkClockMonitor                   
00000d18  checkFlashECC                       
00001cf4  checkFlashEEPROMECC                 
00001e8c  checkPLL1Slip                       
00001f8c  checkPLL2Slip                       
00002050  checkRAMAddrParity                  
000019d0  checkRAMECC                         
0000215c  checkRAMUERRTest                    
000007bc  checkefcSelfTest                    
00000234  cpuSelfTest                         
00000dfc  cpuSelfTestFail                     
00003784  customTrimLPO                       
00000df4  custom_dabort                       
00002b58  disableParity                       
00006f90  dmaGroupANotification               
00000eac  dmaParityCheck                      
00003e2c  edgeDisableNotification             
00003df0  edgeEnableNotification              
00003dc4  edgeGetCounter                      
00006f68  edgeNotification                    
00003d98  edgeResetCounter                    
00000660  efcCheck                            
00002660  efcGetConfigValue                   
00000794  efcSelfTest                         
000006e8  efcStuckZeroTest                    
00002ad0  enableParity                        
0000276c  errata_PBIST_4                      
0000580c  esmActivateNormalOperation          
000058e0  esmClearStatus                      
00005920  esmClearStatusBuffer                
000057d4  esmDisableError                     
00005844  esmDisableInterrupt                 
000057ac  esmEnableError                      
0000581c  esmEnableInterrupt                  
00005a18  esmEnterSelfTest                    
00005790  esmError                            
00005af0  esmGetConfigValue                   
0000595c  esmGetStatus                        
000059e0  esmGetStatusBuffer                  
00006ee4  esmGroup1Notification               
00006ef4  esmGroup2Notification               
00006c08  esmHighInterrupt                    
00005688  esmInit                             
00005aa0  esmSelfTestStatus                   
0000593c  esmSetCounterPreloadValue           
0000586c  esmSetInterruptLevel                
000057fc  esmTriggerErrorPinReset             
000022c4  fmcBus1ParityCheck                  
0000085c  fmcBus2Check                        
00000898  fmcECCcheck                         
00005ea4  gioDisableNotification              
00005e3c  gioEnableNotification               
00005da4  gioGetBit                           
00005f0c  gioGetConfigValue                   
00005dcc  gioGetPort                          
00005c44  gioInit                             
00006f3c  gioNotification                     
00005d34  gioSetBit                           
00005d14  gioSetDirection                     
00005d84  gioSetPort                          
00005de4  gioToggleBit                        
000070dc  handlePLLLockFail                   
00003f78  het1GetConfigValue                  
00000f58  het1ParityCheck                     
000010c0  het2ParityCheck                     
00003f60  hetGetTimestamp                     
00003860  hetInit                             
00006f7c  hetNotification                     
00003f44  hetResetTimestamp                   
00001004  htu1ParityCheck                     
000011bc  htu2ParityCheck                     
00006414  main                                
00002e64  mapClocks                           
00006fa5  memcpy                              
00000174  memoryInit                          
00006f04  memoryPort0TestFailNotification     
00006f20  memoryPort1TestFailNotification     
00001684  mibspi1ParityCheck                  
0000178c  mibspi3ParityCheck                  
000018b0  mibspi5ParityCheck                  
0000504c  muxInit                             
000023ec  pbistFail                           
00002470  pbistGetConfigValue                 
000005a8  pbistIsTestCompleted                
000005d4  pbistIsTestPassed                   
00000608  pbistPortTestStatus                 
000004ac  pbistRun                            
000002cc  pbistSelfCheck                      
00000578  pbistStop                           
00002e10  periphInit                          
000070d8  phantomInterrupt                    
000053cc  pinmuxGetConfigValue                
00003d68  pwmDisableNotification              
00003d20  pwmEnableNotification               
00003c40  pwmGetSignal                        
00006f50  pwmNotification                     
00003988  pwmSetDuty                          
00003ac4  pwmSetSignal                        
00003920  pwmStart                            
00003954  pwmStop                             
00000000  resetEntry                          
00000020  selftestFailNotification            
00002dd0  setupFlash                          
00002cfc  setupPLL                            
00003648  sramGetConfigValue                  
000025bc  stcGetConfigValue                   
000001b8  stcSelfCheck                        
00000df8  stcSelfCheckFail                    
00003088  systemGetConfigValue                
00002f8c  systemInit                          
00003058  systemPowerDown                     
0000349c  tcmflashGetConfigValue              
00002d5c  trimLPO                             
00004224  vimChannelMap                       
00004420  vimDisableInterrupt                 
000042c8  vimEnableInterrupt                  
000044a4  vimGetConfigValue                   
00004150  vimInit                             
00000e00  vimParityCheck                      
00006978  vimParityErrorHandler               


GLOBAL SYMBOLS: SORTED BY Symbol Address 

address   name                                
-------   ----                                
00000000  __TI_static_base__                  
00000000  resetEntry                          
00000020  selftestFailNotification            
00000030  ccmSelfCheck                        
00000174  memoryInit                          
000001b8  stcSelfCheck                        
00000234  cpuSelfTest                         
000002cc  pbistSelfCheck                      
000004ac  pbistRun                            
00000578  pbistStop                           
000005a8  pbistIsTestCompleted                
000005d4  pbistIsTestPassed                   
00000608  pbistPortTestStatus                 
00000660  efcCheck                            
000006e8  efcStuckZeroTest                    
00000794  efcSelfTest                         
000007bc  checkefcSelfTest                    
0000085c  fmcBus2Check                        
00000898  fmcECCcheck                         
00000938  checkB0RAMECC                       
00000b28  checkB1RAMECC                       
00000d18  checkFlashECC                       
00000df4  custom_dabort                       
00000df8  stcSelfCheckFail                    
00000dfc  cpuSelfTestFail                     
00000e00  vimParityCheck                      
00000eac  dmaParityCheck                      
00000f58  het1ParityCheck                     
00001004  htu1ParityCheck                     
000010c0  het2ParityCheck                     
000011bc  htu2ParityCheck                     
0000126c  adc1ParityCheck                     
00001358  adc2ParityCheck                     
00001410  can1ParityCheck                     
000014e8  can2ParityCheck                     
000015b0  can3ParityCheck                     
00001684  mibspi1ParityCheck                  
0000178c  mibspi3ParityCheck                  
000018b0  mibspi5ParityCheck                  
000019d0  checkRAMECC                         
00001c18  checkClockMonitor                   
00001cf4  checkFlashEEPROMECC                 
00001e8c  checkPLL1Slip                       
00001f8c  checkPLL2Slip                       
00002050  checkRAMAddrParity                  
0000215c  checkRAMUERRTest                    
000022c4  fmcBus1ParityCheck                  
000023ec  pbistFail                           
00002470  pbistGetConfigValue                 
000025bc  stcGetConfigValue                   
00002660  efcGetConfigValue                   
000026fc  ccmr4GetConfigValue                 
0000276c  errata_PBIST_4                      
00002ad0  enableParity                        
00002b58  disableParity                       
00002cfc  setupPLL                            
00002d5c  trimLPO                             
00002dd0  setupFlash                          
00002e10  periphInit                          
00002e64  mapClocks                           
00002f8c  systemInit                          
00003058  systemPowerDown                     
00003088  systemGetConfigValue                
0000349c  tcmflashGetConfigValue              
00003648  sramGetConfigValue                  
00003784  customTrimLPO                       
00003860  hetInit                             
00003920  pwmStart                            
00003954  pwmStop                             
00003988  pwmSetDuty                          
00003ac4  pwmSetSignal                        
00003c40  pwmGetSignal                        
00003d20  pwmEnableNotification               
00003d68  pwmDisableNotification              
00003d98  edgeResetCounter                    
00003dc4  edgeGetCounter                      
00003df0  edgeEnableNotification              
00003e2c  edgeDisableNotification             
00003e6c  capGetSignal                        
00003f44  hetResetTimestamp                   
00003f60  hetGetTimestamp                     
00003f78  het1GetConfigValue                  
00004150  vimInit                             
00004224  vimChannelMap                       
000042c8  vimEnableInterrupt                  
00004420  vimDisableInterrupt                 
000044a4  vimGetConfigValue                   
000049e8  _errata_SSWF021_45_both_plls        
00004bdc  _errata_SSWF021_45_pll1             
00004d54  _errata_SSWF021_45_pll2             
0000504c  muxInit                             
000053cc  pinmuxGetConfigValue                
00005688  esmInit                             
00005790  esmError                            
000057ac  esmEnableError                      
000057d4  esmDisableError                     
000057fc  esmTriggerErrorPinReset             
0000580c  esmActivateNormalOperation          
0000581c  esmEnableInterrupt                  
00005844  esmDisableInterrupt                 
0000586c  esmSetInterruptLevel                
000058e0  esmClearStatus                      
00005920  esmClearStatusBuffer                
0000593c  esmSetCounterPreloadValue           
0000595c  esmGetStatus                        
000059e0  esmGetStatusBuffer                  
00005a18  esmEnterSelfTest                    
00005aa0  esmSelfTestStatus                   
00005af0  esmGetConfigValue                   
00005c44  gioInit                             
00005d14  gioSetDirection                     
00005d34  gioSetBit                           
00005d84  gioSetPort                          
00005da4  gioGetBit                           
00005dcc  gioGetPort                          
00005de4  gioToggleBit                        
00005e3c  gioEnableNotification               
00005ea4  gioDisableNotification              
00005f0c  gioGetConfigValue                   
000060c8  _coreInitRegisters_                 
000061d4  _coreInitStackPointer_              
00006220  _getCPSRValue_                      
00006228  _gotoCPUIdle_                       
00006240  _coreEnableVfp_                     
00006258  _coreEnableEventBusExport_          
00006268  _coreDisableEventBusExport_         
00006278  _coreEnableRamEcc_                  
00006288  _coreDisableRamEcc_                 
00006298  _coreEnableFlashEcc_                
000062ac  _coreDisableFlashEcc_               
000062bc  _coreEnableIrqVicOffset_            
000062cc  _coreGetDataFault_                  
000062d4  _coreClearDataFault_                
000062e0  _coreGetInstructionFault_           
000062e8  _coreClearInstructionFault_         
000062f4  _coreGetDataFaultAddress_           
000062fc  _coreClearDataFaultAddress_         
00006308  _coreGetInstructionFaultAddress_    
00006310  _coreClearInstructionFaultAddress_  
0000631c  _coreGetAuxiliaryDataFault_         
00006324  _coreClearAuxiliaryDataFault_       
00006330  _coreGetAuxiliaryInstructionFault_  
00006338  _coreClearAuxiliaryInstructionFault_
00006344  _disable_interrupt_                 
0000634c  _disable_FIQ_interrupt_             
00006354  _disable_IRQ_interrupt_             
0000635c  _enable_interrupt_                  
00006364  _esmCcmErrorsClear_                 
000063ec  _errata_CORTEXR4_57_                
000063fc  _errata_CORTEXR4_66_                
0000640c  __TI_PINIT_Base                     
00006410  __TI_PINIT_Limit                    
00006414  main                                
000066d4  _c_int00                            
00006978  vimParityErrorHandler               
00006c08  esmHighInterrupt                    
00006d1c  _dabort                             
00006e04  _pmuInit_                           
00006e50  _pmuEnableCountersGlobal_           
00006e60  _pmuDisableCountersGlobal_          
00006e70  _pmuResetCycleCounter_              
00006e80  _pmuResetEventCounters_             
00006e90  _pmuResetCounters_                  
00006ea0  _pmuStartCounters_                  
00006ea8  _pmuStopCounters_                   
00006eb0  _pmuSetCountEvent_                  
00006ebc  _pmuGetCycleCount_                  
00006ec4  _pmuGetEventCount_                  
00006ed0  _pmuGetOverflow_                    
00006ee4  esmGroup1Notification               
00006ef4  esmGroup2Notification               
00006f04  memoryPort0TestFailNotification     
00006f20  memoryPort1TestFailNotification     
00006f3c  gioNotification                     
00006f50  pwmNotification                     
00006f68  edgeNotification                    
00006f7c  hetNotification                     
00006f90  dmaGroupANotification               
00006fa5  __aeabi_memcpy                      
00006fa5  __aeabi_memcpy4                     
00006fa5  __aeabi_memcpy8                     
00006fa5  memcpy                              
00007040  __aeabi_uidiv                       
00007040  __aeabi_uidivmod                    
00007091  __TI_auto_init_nobinit_nopinit      
000070d5  C$$EXIT                             
000070d5  abort                               
000070d8  phantomInterrupt                    
000070dc  handlePLLLockFail                   
000070e1  __aeabi_idiv0                       
000070e1  __aeabi_ldiv0                       
08001500  __start___llvm_prf_cnts             
08001500  __stop___llvm_prf_cnts              
ffffffff  __TI_pprof_out_hndl                 
ffffffff  __TI_prof_data_size                 
ffffffff  __TI_prof_data_start                
ffffffff  __binit__                           
ffffffff  __c_args__                          
ffffffff  binit                               
UNDEFED   SHT$$INIT_ARRAY$$Base               
UNDEFED   SHT$$INIT_ARRAY$$Limit              
UNDEFED   __TI_CINIT_Base                     
UNDEFED   __TI_CINIT_Limit                    
UNDEFED   __TI_Handler_Table_Base             
UNDEFED   __TI_Handler_Table_Limit            
UNDEFED   _system_post_cinit                  

[206 symbols]
